Component: ARM Compiler 5.06 update 6 (build 750) Tool: armlink [4d35ed]

==============================================================================

Section Cross References

    stm32f4xx_adc.o(i.ADC_DeInit) refers to stm32f4xx_rcc.o(i.RCC_APB2PeriphResetCmd) for RCC_APB2PeriphResetCmd
    stm32f4xx_gpio.o(i.GPIO_DeInit) refers to stm32f4xx_rcc.o(i.RCC_AHB1PeriphResetCmd) for RCC_AHB1PeriphResetCmd
    startup_stm32f40xx.o(STACK) refers (Special) to heapauxi.o(.text) for __use_two_region_memory
    startup_stm32f40xx.o(HEAP) refers (Special) to heapauxi.o(.text) for __use_two_region_memory
    startup_stm32f40xx.o(RESET) refers (Special) to heapauxi.o(.text) for __use_two_region_memory
    startup_stm32f40xx.o(RESET) refers to startup_stm32f40xx.o(STACK) for __initial_sp
    startup_stm32f40xx.o(RESET) refers to startup_stm32f40xx.o(.text) for Reset_Handler
    startup_stm32f40xx.o(RESET) refers to main.o(i.USART3_IRQHandler) for USART3_IRQHandler
    startup_stm32f40xx.o(.text) refers (Special) to heapauxi.o(.text) for __use_two_region_memory
    startup_stm32f40xx.o(.text) refers to system_stm32f4xx.o(i.SystemInit) for SystemInit
    startup_stm32f40xx.o(.text) refers to __main.o(!!!main) for __main
    startup_stm32f40xx.o(.text) refers to startup_stm32f40xx.o(HEAP) for Heap_Mem
    startup_stm32f40xx.o(.text) refers to startup_stm32f40xx.o(STACK) for Stack_Mem
    stm32f4xx_i2c.o(i.I2C_DeInit) refers to stm32f4xx_rcc.o(i.RCC_APB1PeriphResetCmd) for RCC_APB1PeriphResetCmd
    stm32f4xx_i2c.o(i.I2C_Init) refers to stm32f4xx_rcc.o(i.RCC_GetClocksFreq) for RCC_GetClocksFreq
    stm32f4xx_rcc.o(i.RCC_GetClocksFreq) refers to stm32f4xx_rcc.o(.data) for APBAHBPrescTable
    stm32f4xx_rcc.o(i.RCC_WaitForHSEStartUp) refers to stm32f4xx_rcc.o(i.RCC_GetFlagStatus) for RCC_GetFlagStatus
    stm32f4xx_spi.o(i.SPI_I2S_DeInit) refers to stm32f4xx_rcc.o(i.RCC_APB2PeriphResetCmd) for RCC_APB2PeriphResetCmd
    stm32f4xx_spi.o(i.SPI_I2S_DeInit) refers to stm32f4xx_rcc.o(i.RCC_APB1PeriphResetCmd) for RCC_APB1PeriphResetCmd
    stm32f4xx_tim.o(i.TIM_DeInit) refers to stm32f4xx_rcc.o(i.RCC_APB2PeriphResetCmd) for RCC_APB2PeriphResetCmd
    stm32f4xx_tim.o(i.TIM_DeInit) refers to stm32f4xx_rcc.o(i.RCC_APB1PeriphResetCmd) for RCC_APB1PeriphResetCmd
    stm32f4xx_tim.o(i.TIM_ETRClockMode1Config) refers to stm32f4xx_tim.o(i.TIM_ETRConfig) for TIM_ETRConfig
    stm32f4xx_tim.o(i.TIM_ETRClockMode2Config) refers to stm32f4xx_tim.o(i.TIM_ETRConfig) for TIM_ETRConfig
    stm32f4xx_tim.o(i.TIM_ICInit) refers to stm32f4xx_tim.o(i.TI1_Config) for TI1_Config
    stm32f4xx_tim.o(i.TIM_ICInit) refers to stm32f4xx_tim.o(i.TIM_SetIC1Prescaler) for TIM_SetIC1Prescaler
    stm32f4xx_tim.o(i.TIM_ICInit) refers to stm32f4xx_tim.o(i.TI2_Config) for TI2_Config
    stm32f4xx_tim.o(i.TIM_ICInit) refers to stm32f4xx_tim.o(i.TIM_SetIC2Prescaler) for TIM_SetIC2Prescaler
    stm32f4xx_tim.o(i.TIM_ICInit) refers to stm32f4xx_tim.o(i.TI3_Config) for TI3_Config
    stm32f4xx_tim.o(i.TIM_ICInit) refers to stm32f4xx_tim.o(i.TIM_SetIC3Prescaler) for TIM_SetIC3Prescaler
    stm32f4xx_tim.o(i.TIM_ICInit) refers to stm32f4xx_tim.o(i.TI4_Config) for TI4_Config
    stm32f4xx_tim.o(i.TIM_ICInit) refers to stm32f4xx_tim.o(i.TIM_SetIC4Prescaler) for TIM_SetIC4Prescaler
    stm32f4xx_tim.o(i.TIM_ITRxExternalClockConfig) refers to stm32f4xx_tim.o(i.TIM_SelectInputTrigger) for TIM_SelectInputTrigger
    stm32f4xx_tim.o(i.TIM_PWMIConfig) refers to stm32f4xx_tim.o(i.TI1_Config) for TI1_Config
    stm32f4xx_tim.o(i.TIM_PWMIConfig) refers to stm32f4xx_tim.o(i.TIM_SetIC1Prescaler) for TIM_SetIC1Prescaler
    stm32f4xx_tim.o(i.TIM_PWMIConfig) refers to stm32f4xx_tim.o(i.TI2_Config) for TI2_Config
    stm32f4xx_tim.o(i.TIM_PWMIConfig) refers to stm32f4xx_tim.o(i.TIM_SetIC2Prescaler) for TIM_SetIC2Prescaler
    stm32f4xx_tim.o(i.TIM_TIxExternalClockConfig) refers to stm32f4xx_tim.o(i.TI2_Config) for TI2_Config
    stm32f4xx_tim.o(i.TIM_TIxExternalClockConfig) refers to stm32f4xx_tim.o(i.TI1_Config) for TI1_Config
    stm32f4xx_tim.o(i.TIM_TIxExternalClockConfig) refers to stm32f4xx_tim.o(i.TIM_SelectInputTrigger) for TIM_SelectInputTrigger
    stm32f4xx_usart.o(i.USART_DeInit) refers to stm32f4xx_rcc.o(i.RCC_APB2PeriphResetCmd) for RCC_APB2PeriphResetCmd
    stm32f4xx_usart.o(i.USART_DeInit) refers to stm32f4xx_rcc.o(i.RCC_APB1PeriphResetCmd) for RCC_APB1PeriphResetCmd
    stm32f4xx_usart.o(i.USART_Init) refers to stm32f4xx_rcc.o(i.RCC_GetClocksFreq) for RCC_GetClocksFreq
    stm32f4xx_flash.o(i.FLASH_EraseAllBank1Sectors) refers to stm32f4xx_flash.o(i.FLASH_WaitForLastOperation) for FLASH_WaitForLastOperation
    stm32f4xx_flash.o(i.FLASH_EraseAllBank2Sectors) refers to stm32f4xx_flash.o(i.FLASH_WaitForLastOperation) for FLASH_WaitForLastOperation
    stm32f4xx_flash.o(i.FLASH_EraseAllSectors) refers to stm32f4xx_flash.o(i.FLASH_WaitForLastOperation) for FLASH_WaitForLastOperation
[...]
    _terminateio                              - Undefined Weak Reference
    __Vectors_Size                           0x00000188   Number         0  startup_stm32f40xx.o ABSOLUTE
    __Vectors                                0x08000000   Data           4  startup_stm32f40xx.o(RESET)
    __Vectors_End                            0x08000188   Data           0  startup_stm32f40xx.o(RESET)
    __main                                   0x08000189   Thumb Code     8  __main.o(!!!main)
    __scatterload                            0x08000191   Thumb Code     0  __scatter.o(!!!scatter)
    __scatterload_rt2                        0x08000191   Thumb Code    44  __scatter.o(!!!scatter)
    __scatterload_rt2_thumb_only             0x08000191   Thumb Code     0  __scatter.o(!!!scatter)
    __scatterload_null                       0x0800019f   Thumb Code     0  __scatter.o(!!!scatter)
    __scatterload_copy                       0x080001c5   Thumb Code    26  __scatter_copy.o(!!handler_copy)
    __scatterload_zeroinit                   0x080001e1   Thumb Code    28  __scatter_zi.o(!!handler_zi)
    _printf_percent                          0x080001fd   Thumb Code     0  _printf_percent.o(.ARM.Collect$$_printf_percent$$00000000)
    _printf_x                                0x080001fd   Thumb Code     0  _printf_x.o(.ARM.Collect$$_printf_percent$$0000000C)
    _printf_s                                0x08000203   Thumb Code     0  _printf_s.o(.ARM.Collect$$_printf_percent$$00000014)
    _printf_percent_end                      0x08000209   Thumb Code     0  _printf_percent_end.o(.ARM.Collect$$_printf_percent$$00000017)
    __rt_lib_init                            0x0800020d   Thumb Code     0  libinit.o(.ARM.Collect$$libinit$$00000000)
    __rt_lib_init_fp_1                       0x0800020f   Thumb Code     0  libinit2.o(.ARM.Collect$$libinit$$00000001)
    __rt_lib_init_heap_2                     0x08000213   Thumb Code     0  libinit2.o(.ARM.Collect$$libinit$$00000005)
    __rt_lib_init_preinit_1                  0x08000213   Thumb Code     0  libinit2.o(.ARM.Collect$$libinit$$00000004)
    __rt_lib_init_heap_1                     0x0800021b   Thumb Code     0  libinit2.o(.ARM.Collect$$libinit$$0000000A)
    __rt_lib_init_lc_common                  0x0800021b   Thumb Code     0  libinit2.o(.ARM.Collect$$libinit$$0000000F)
    __rt_lib_init_rand_1                     0x0800021b   Thumb Code     0  libinit2.o(.ARM.Collect$$libinit$$0000000E)
    __rt_lib_init_user_alloc_1               0x0800021b   Thumb Code     0  libinit2.o(.ARM.Collect$$libinit$$0000000C)
    __rt_lib_init_lc_collate_1               0x08000221   Thumb Code     0  libinit2.o(.ARM.Collect$$libinit$$00000011)
    __rt_lib_init_lc_ctype_2                 0x08000221   Thumb Code     0  libinit2.o(.ARM.Collect$$libinit$$00000012)
    __rt_lib_init_lc_ctype_1                 0x0800022d   Thumb Code     0  libinit2.o(.ARM.Collect$$libinit$$00000013)
    __rt_lib_init_lc_monetary_1              0x0800022d   Thumb Code     0  libinit2.o(.ARM.Collect$$libinit$$00000015)
    __rt_lib_init_lc_numeric_2               0x0800022d   Thumb Code     0  libinit2.o(.ARM.Collect$$libinit$$00000016)
    __rt_lib_init_alloca_1                   0x08000237   Thumb Code     0  libinit2.o(.ARM.Collect$$libinit$$0000002E)
    __rt_lib_init_argv_1                     0x08000237   Thumb Code     0  libinit2.o(.ARM.Collect$$libinit$$0000002C)
    __rt_lib_init_atexit_1                   0x08000237   Thumb Code     0  libinit2.o(.ARM.Collect$$libinit$$0000001B)
    __rt_lib_init_clock_1                    0x08000237   Thumb Code     0  libinit2.o(.ARM.Collect$$libinit$$00000021)
    __rt_lib_init_cpp_1                      0x08000237   Thumb Code     0  libinit2.o(.ARM.Collect$$libinit$$00000032)
    __rt_lib_init_exceptions_1               0x08000237   Thumb Code     0  libinit2.o(.ARM.Collect$$libinit$$00000030)
    __rt_lib_init_fp_trap_1                  0x08000237   Thumb Code     0  libinit2.o(.ARM.Collect$$libinit$$0000001F)
    __rt_lib_init_getenv_1                   0x08000237   Thumb Code     0  libinit2.o(.ARM.Collect$$libinit$$00000023)
    __rt_lib_init_lc_numeric_1               0x08000237   Thumb Code     0  libinit2.o(.ARM.Collect$$libinit$$00000017)
    __rt_lib_init_lc_time_1                  0x08000237   Thumb Code     0  libinit2.o(.ARM.Collect$$libinit$$00000019)
    __rt_lib_init_return                     0x08000237   Thumb Code     0  libinit2.o(.ARM.Collect$$libinit$$00000033)
    __rt_lib_init_signal_1                   0x08000237   Thumb Code     0  libinit2.o(.ARM.Collect$$libinit$$0000001D)
    __rt_lib_init_stdio_1                    0x08000237   Thumb Code     0  libinit2.o(.ARM.Collect$$libinit$$00000025)
    __rt_lib_shutdown                        0x08000239   Thumb Code     0  libshutdown.o(.ARM.Collect$$libshutdown$$00000000)
    __rt_lib_shutdown_cpp_1                  0x0800023b   Thumb Code     0  libshutdown2.o(.ARM.Collect$$libshutdown$$00000002)
    __rt_lib_shutdown_fp_trap_1              0x0800023b   Thumb Code     0  libshutdown2.o(.ARM.Collect$$libshutdown$$00000007)
    __rt_lib_shutdown_heap_1                 0x0800023b   Thumb Code     0  libshutdown2.o(.ARM.Collect$$libshutdown$$0000000F)
    __rt_lib_shutdown_return                 0x0800023b   Thumb Code     0  libshutdown2.o(.ARM.Collect$$libshutdown$$00000010)
    __rt_lib_shutdown_signal_1               0x0800023b   Thumb Code     0  libshutdown2.o(.ARM.Collect$$libshutdown$$0000000A)
    __rt_lib_shutdown_stdio_1                0x0800023b   Thumb Code     0  libshutdown2.o(.ARM.Collect$$libshutdown$$00000004)
    __rt_lib_shutdown_user_alloc_1           0x0800023b   Thumb Code     0  libshutdown2.o(.ARM.Collect$$libshutdown$$0000000C)
    __rt_entry                               0x0800023d   Thumb Code     0  __rtentry.o(.ARM.Collect$$rtentry$$00000000)
    __rt_entry_presh_1                       0x0800023d   Thumb Code     0  __rtentry2.o(.ARM.Collect$$rtentry$$00000002)
    __rt_entry_sh                            0x0800023d   Thumb Code     0  __rtentry4.o(.ARM.Collect$$rtentry$$00000004)
    __rt_entry_li                            0x08000243   Thumb Code     0  __rtentry2.o(.ARM.Collect$$rtentry$$0000000A)
    __rt_entry_postsh_1                      0x08000243   Thumb Code     0  __rtentry2.o(.ARM.Collect$$rtentry$$00000009)
    __rt_entry_main                          0x08000247   Thumb Code     0  __rtentry2.o(.ARM.Collect$$rtentry$$0000000D)
    __rt_entry_postli_1                      0x08000247   Thumb Code     0  __rtentry2.o(.ARM.Collect$$rtentry$$0000000C)
    __rt_exit                                0x0800024f   Thumb Code     0  rtexit.o(.ARM.Collect$$rtexit$$00000000)
    __rt_exit_ls                             0x08000251   Thumb Code     0  rtexit2.o(.ARM.Collect$$rtexit$$00000003)
    __rt_exit_prels_1                        0x08000251   Thumb Code     0  rtexit2.o(.ARM.Collect$$rtexit$$00000002)
    __rt_exit_exit                           0x08000255   Thumb Code     0  rtexit2.o(.ARM.Collect$$rtexit$$00000004)
    Reset_Handler                            0x0800025d   Thumb Code     8  startup_stm32f40xx.o(.text)
    _maybe_terminate_alloc                   0x0800025d   Thumb Code     0  maybetermalloc1.o(.emb_text)
    NMI_Handler                              0x08000265   Thumb Code     2  startup_stm32f40xx.o(.text)
    HardFault_Handler                        0x08000267   Thumb Code     2  startup_stm32f40xx.o(.text)
    MemManage_Handler                        0x08000269   Thumb Code     2  startup_stm32f40xx.o(.text)
    BusFault_Handler                         0x0800026b   Thumb Code     2  startup_stm32f40xx.o(.text)
    UsageFault_Handler                       0x0800026d   Thumb Code     2  startup_stm32f40xx.o(.text)
    SVC_Handler                              0x0800026f   Thumb Code     2  startup_stm32f40xx.o(.text)
    DebugMon_Handler                         0x08000271   Thumb Code     2  startup_stm32f40xx.o(.text)
    PendSV_Handler                           0x08000273   Thumb Code     2  startup_stm32f40xx.o(.text)
    SysTick_Handler                          0x08000275   Thumb Code     2  startup_stm32f40xx.o(.text)
    ADC_IRQHandler                           0x08000277   Thumb Code     0  startup_stm32f40xx.o(.text)
    CAN1_RX0_IRQHandler                      0x08000277   Thumb Code     0  startup_stm32f40xx.o(.text)
    CAN1_RX1_IRQHandler                      0x08000277   Thumb Code     0  startup_stm32f40xx.o(.text)
    CAN1_SCE_IRQHandler                      0x08000277   Thumb Code     0  startup_stm32f40xx.o(.text)
    CAN1_TX_IRQHandler                       0x08000277   Thumb Code     0  startup_stm32f40xx.o(.text)
    CAN2_RX0_IRQHandler                      0x08000277   Thumb Code     0  startup_stm32f40xx.o(.text)
    CAN2_RX1_IRQHandler                      0x08000277   Thumb Code     0  startup_stm32f40xx.o(.text)
    CAN2_SCE_IRQHandler                      0x08000277   Thumb Code     0  startup_stm32f40xx.o(.text)
    CAN2_TX_IRQHandler                       0x08000277   Thumb Code     0  startup_stm32f40xx.o(.text)
    CRYP_IRQHandler                          0x08000277   Thumb Code     0  startup_stm32f40xx.o(.text)
    DCMI_IRQHandler                          0x08000277   Thumb Code     0  startup_stm32f40xx.o(.text)
    DMA1_Stream0_IRQHandler                  0x08000277   Thumb Code     0  startup_stm32f40xx.o(.text)
    DMA1_Stream1_IRQHandler                  0x08000277   Thumb Code     0  startup_stm32f40xx.o(.text)
    DMA1_Stream2_IRQHandler                  0x08000277   Thumb Code     0  startup_stm32f40xx.o(.text)
    DMA1_Stream3_IRQHandler                  0x08000277   Thumb Code     0  startup_stm32f40xx.o(.text)
    DMA1_Stream4_IRQHandler                  0x08000277   Thumb Code     0  startup_stm32f40xx.o(.text)
    DMA1_Stream5_IRQHandler                  0x08000277   Thumb Code     0  startup_stm32f40xx.o(.text)
    DMA1_Stream6_IRQHandler                  0x08000277   Thumb Code     0  startup_stm32f40xx.o(.text)
    DMA1_Stream7_IRQHandler                  0x08000277   Thumb Code     0  startup_stm32f40xx.o(.text)
    DMA2_Stream0_IRQHandler                  0x08000277   Thumb Code     0  startup_stm32f40xx.o(.text)
    DMA2_Stream1_IRQHandler                  0x08000277   Thumb Code     0  startup_stm32f40xx.o(.text)
    DMA2_Stream2_IRQHandler                  0x08000277   Thumb Code     0  startup_stm32f40xx.o(.text)
    DMA2_Stream3_IRQHandler                  0x08000277   Thumb Code     0  startup_stm32f40xx.o(.text)
    DMA2_Stream4_IRQHandler                  0x08000277   Thumb Code     0  startup_stm32f40xx.o(.text)
    DMA2_Stream5_IRQHandler                  0x08000277   Thumb Code     0  startup_stm32f40xx.o(.text)
    DMA2_Stream6_IRQHandler                  0x08000277   Thumb Code     0  startup_stm32f40xx.o(.text)
    DMA2_Stream7_IRQHandler                  0x08000277   Thumb Code     0  startup_stm32f40xx.o(.text)
    ETH_IRQHandler                           0x08000277   Thumb Code     0  startup_stm32f40xx.o(.text)
    ETH_WKUP_IRQHandler                      0x08000277   Thumb Code     0  startup_stm32f40xx.o(.text)
    EXTI0_IRQHandler                         0x08000277   Thumb Code     0  startup_stm32f40xx.o(.text)
    EXTI15_10_IRQHandler                     0x08000277   Thumb Code     0  startup_stm32f40xx.o(.text)
    EXTI1_IRQHandler                         0x08000277   Thumb Code     0  startup_stm32f40xx.o(.text)
    EXTI2_IRQHandler                         0x08000277   Thumb Code     0  startup_stm32f40xx.o(.text)
    EXTI3_IRQHandler                         0x08000277   Thumb Code     0  startup_stm32f40xx.o(.text)
    EXTI4_IRQHandler                         0x08000277   Thumb Code     0  startup_stm32f40xx.o(.text)
    EXTI9_5_IRQHandler                       0x08000277   Thumb Code     0  startup_stm32f40xx.o(.text)
    FLASH_IRQHandler                         0x08000277   Thumb Code     0  startup_stm32f40xx.o(.text)
    FPU_IRQHandler                           0x08000277   Thumb Code     0  startup_stm32f40xx.o(.text)
    FSMC_IRQHandler                          0x08000277   Thumb Code     0  startup_stm32f40xx.o(.text)
    HASH_RNG_IRQHandler                      0x08000277   Thumb Code     0  startup_stm32f40xx.o(.text)
    I2C1_ER_IRQHandler                       0x08000277   Thumb Code     0  startup_stm32f40xx.o(.text)
    I2C1_EV_IRQHandler                       0x08000277   Thumb Code     0  startup_stm32f40xx.o(.text)
    I2C2_ER_IRQHandler                       0x08000277   Thumb Code     0  startup_stm32f40xx.o(.text)
    I2C2_EV_IRQHandler                       0x08000277   Thumb Code     0  startup_stm32f40xx.o(.text)
    I2C3_ER_IRQHandler                       0x08000277   Thumb Code     0  startup_stm32f40xx.o(.text)
    I2C3_EV_IRQHandler                       0x08000277   Thumb Code     0  startup_stm32f40xx.o(.text)
    OTG_FS_IRQHandler                        0x08000277   Thumb Code     0  startup_stm32f40xx.o(.text)
    OTG_FS_WKUP_IRQHandler                   0x08000277   Thumb Code     0  startup_stm32f40xx.o(.text)
    OTG_HS_EP1_IN_IRQHandler                 0x08000277   Thumb Code     0  startup_stm32f40xx.o(.text)
    OTG_HS_EP1_OUT_IRQHandler                0x08000277   Thumb Code     0  startup_stm32f40xx.o(.text)
    OTG_HS_IRQHandler                        0x08000277   Thumb Code     0  startup_stm32f40xx.o(.text)
    OTG_HS_WKUP_IRQHandler                   0x08000277   Thumb Code     0  startup_stm32f40xx.o(.text)
    PVD_IRQHandler                           0x08000277   Thumb Code     0  startup_stm32f40xx.o(.text)
    RCC_IRQHandler                           0x08000277   Thumb Code     0  startup_stm32f40xx.o(.text)
    RTC_Alarm_IRQHandler                     0x08000277   Thumb Code     0  startup_stm32f40xx.o(.text)
    RTC_WKUP_IRQHandler                      0x08000277   Thumb Code     0  startup_stm32f40xx.o(.text)
    SDIO_IRQHandler                          0x08000277   Thumb Code     0  startup_stm32f40xx.o(.text)
    SPI1_IRQHandler                          0x08000277   Thumb Code     0  startup_stm32f40xx.o(.text)
    SPI2_IRQHandler                          0x08000277   Thumb Code     0  startup_stm32f40xx.o(.text)
    SPI3_IRQHandler                          0x08000277   Thumb Code     0  startup_stm32f40xx.o(.text)
    TAMP_STAMP_IRQHandler                    0x08000277   Thumb Code     0  startup_stm32f40xx.o(.text)
    TIM1_BRK_TIM9_IRQHandler                 0x08000277   Thumb Code     0  startup_stm32f40xx.o(.text)
    TIM1_CC_IRQHandler                       0x08000277   Thumb Code     0  startup_stm32f40xx.o(.text)
    TIM1_TRG_COM_TIM11_IRQHandler            0x08000277   Thumb Code     0  startup_stm32f40xx.o(.text)
    TIM1_UP_TIM10_IRQHandler                 0x08000277   Thumb Code     0  startup_stm32f40xx.o(.text)
    TIM2_IRQHandler                          0x08000277   Thumb Code     0  startup_stm32f40xx.o(.text)
    TIM3_IRQHandler                          0x08000277   Thumb Code     0  startup_stm32f40xx.o(.text)
    TIM4_IRQHandler                          0x08000277   Thumb Code     0  startup_stm32f40xx.o(.text)
    TIM5_IRQHandler                          0x08000277   Thumb Code     0  startup_stm32f40xx.o(.text)
    TIM6_DAC_IRQHandler                      0x08000277   Thumb Code     0  startup_stm32f40xx.o(.text)
    TIM7_IRQHandler                          0x08000277   Thumb Code     0  startup_stm32f40xx.o(.text)
    TIM8_BRK_TIM12_IRQHandler                0x08000277   Thumb Code     0  startup_stm32f40xx.o(.text)
    TIM8_CC_IRQHandler                       0x08000277   Thumb Code     0  startup_stm32f40xx.o(.text)
    TIM8_TRG_COM_TIM14_IRQHandler            0x08000277   Thumb Code     0  startup_stm32f40xx.o(.text)
    TIM8_UP_TIM13_IRQHandler                 0x08000277   Thumb Code     0  startup_stm32f40xx.o(.text)
    UART4_IRQHandler                         0x08000277   Thumb Code     0  startup_stm32f40xx.o(.text)
    UART5_IRQHandler                         0x08000277   Thumb Code     0  startup_stm32f40xx.o(.text)
    USART1_IRQHandler                        0x08000277   Thumb Code     0  startup_stm32f40xx.o(.text)
    USART2_IRQHandler                        0x08000277   Thumb Code     0  startup_stm32f40xx.o(.text)
    USART6_IRQHandler                        0x08000277   Thumb Code     0  startup_stm32f40xx.o(.text)
    WWDG_IRQHandler                          0x08000277   Thumb Code     0  startup_stm32f40xx.o(.text)
    __user_initial_stackheap                 0x08000279   Thumb Code     0  startup_stm32f40xx.o(.text)
    malloc                                   0x0800029d   Thumb Code    94  h1_alloc.o(.text)
    free                                     0x080002fb   Thumb Code    78  h1_free.o(.text)
    realloc                                  0x08000349   Thumb Code   184  h1_realloc.o(.text)
    tolower                                  0x08000401   Thumb Code    26  tolower.o(.text)
    __2sprintf                               0x0800041d   Thumb Code    38  __2sprintf.o(.text)
    _printf_pre_padding                      0x08000449   Thumb Code    44  _printf_pad.o(.text)
    _printf_post_padding                     0x08000475   Thumb Code    34  _printf_pad.o(.text)
    _printf_str                              0x08000497   Thumb Code    82  _printf_str.o(.text)
    _printf_int_hex                          0x080004e9   Thumb Code    84  _printf_hex_int.o(.text)
    _printf_longlong_hex                     0x080004e9   Thumb Code     0  _printf_hex_int.o(.text)
    __printf                                 0x08000541   Thumb Code   388  __printf_flags_ss_wp.o(.text)
    strlen                                   0x080006c9   Thumb Code    62  strlen.o(.text)
    strncmp                                  0x08000707   Thumb Code   150  strncmp.o(.text)
    strcat                                   0x0800079d   Thumb Code    24  strcat.o(.text)
    __aeabi_memcpy4                          0x080007b5   Thumb Code     0  rt_memcpy_w.o(.text)
    __aeabi_memcpy8                          0x080007b5   Thumb Code     0  rt_memcpy_w.o(.text)
    __rt_memcpy_w                            0x080007b5   Thumb Code   100  rt_memcpy_w.o(.text)
    _memcpy_lastbytes_aligned                0x080007fd   Thumb Code     0  rt_memcpy_w.o(.text)
    __aeabi_memclr4                          0x08000819   Thumb Code     0  rt_memclr_w.o(.text)
    __aeabi_memclr8                          0x08000819   Thumb Code     0  rt_memclr_w.o(.text)
    __rt_memclr_w                            0x08000819   Thumb Code    78  rt_memclr_w.o(.text)
    _memset_w                                0x0800081d   Thumb Code     0  rt_memclr_w.o(.text)
    strcmp                                   0x08000869   Thumb Code   128  strcmpv7m.o(.text)
    __use_two_region_memory                  0x080008e9   Thumb Code     2  heapauxi.o(.text)
    __rt_heap_escrow                         0x080008eb   Thumb Code     2  heapauxi.o(.text)
    __rt_heap_expand                         0x080008ed   Thumb Code     2  heapauxi.o(.text)
    __rt_ctype_table                         0x080008f1   Thumb Code    16  rt_ctype_table.o(.text)
    __rt_heap_descriptor                     0x08000901   Thumb Code     8  rt_heap_descriptor_intlibspace.o(.text)
    __use_no_heap                            0x08000909   Thumb Code     2  hguard.o(.text)
    __heap$guard                             0x0800090b   Thumb Code     2  hguard.o(.text)
    _terminate_user_alloc                    0x0800090d   Thumb Code     2  init_alloc.o(.text)
    _init_user_alloc                         0x0800090f   Thumb Code     2  init_alloc.o(.text)
    __Heap_Full                              0x08000911   Thumb Code    34  init_alloc.o(.text)
    __Heap_Broken                            0x08000933   Thumb Code     6  init_alloc.o(.text)
    _init_alloc                              0x08000939   Thumb Code    94  init_alloc.o(.text)
    __Heap_Initialize                        0x08000997   Thumb Code    10  h1_init.o(.text)
    __Heap_DescSize                          0x080009a1   Thumb Code     4  h1_init.o(.text)
    _printf_int_common                       0x080009a5   Thumb Code   178  _printf_intcommon.o(.text)
    _printf_char_common                      0x08000a63   Thumb Code    32  _printf_char_common.o(.text)
    _sputc                                   0x08000a89   Thumb Code    10  _sputc.o(.text)
    _printf_cs_common                        0x08000a93   Thumb Code    20  _printf_char.o(.text)
    _printf_char                             0x08000aa7   Thumb Code    16  _printf_char.o(.text)
    _printf_string                           0x08000ab7   Thumb Code     8  _printf_char.o(.text)
    _scanf_really_real                       0x08000d0d   Thumb Code   684  scanf_fp.o(.text)
    _sgetc                                   0x08000fb9   Thumb Code    30  _sgetc.o(.text)
    _sbackspace                              0x08000fd7   Thumb Code    34  _sgetc.o(.text)
    __strtod_int                             0x08001035   Thumb Code    90  strtod.o(.text)
    __user_libspace                          0x0800109d   Thumb Code     8  libspace.o(.text)
    __user_perproc_libspace                  0x0800109d   Thumb Code     0  libspace.o(.text)
    __user_perthread_libspace                0x0800109d   Thumb Code     0  libspace.o(.text)
    __rt_locale                              0x080010a5   Thumb Code     8  rt_locale_intlibspace.o(.text)
    __aeabi_errno_addr                       0x080010ad   Thumb Code     8  rt_errno_addr_intlibspace.o(.text)
    __errno$intlibspace                      0x080010ad   Thumb Code     0  rt_errno_addr_intlibspace.o(.text)
    __rt_errno_addr$intlibspace              0x080010ad   Thumb Code     0  rt_errno_addr_intlibspace.o(.text)
    __Heap_ProvideMemory                     0x080010b5   Thumb Code    52  h1_extend.o(.text)
    isspace                                  0x080010e9   Thumb Code    18  isspace.o(.text)
    _btod_etento                             0x080010fd   Thumb Code   224  bigflt0.o(.text)
    __rt_SIGRTMEM                            0x080011e1   Thumb Code    14  defsig_rtmem_outer.o(.text)
    __I$use$semihosting                      0x080011ef   Thumb Code     0  use_no_semi.o(.text)
    __use_no_semihosting_swi                 0x080011ef   Thumb Code     2  use_no_semi.o(.text)
    __semihosting_library_function           0x080011f1   Thumb Code     0  indicate_semi.o(.text)
    __user_setup_stackheap                   0x080011f1   Thumb Code    74  sys_stackheap_outer.o(.text)
    __read_errno                             0x0800123b   Thumb Code    10  _rserrno.o(.text)
    __set_errno                              0x08001245   Thumb Code    12  _rserrno.o(.text)
    _scanf_really_hex_real                   0x08001251   Thumb Code   786  scanf_hexfp.o(.text)
    _scanf_really_infnan                     0x08001571   Thumb Code   292  scanf_infnan.o(.text)
    exit                                     0x080016a5   Thumb Code    18  exit.o(.text)
    __sig_exit                               0x080016b7   Thumb Code    10  defsig_exit.o(.text)
    __rt_SIGRTMEM_inner                      0x080016c1   Thumb Code    22  defsig_rtmem_inner.o(.text)
    _sys_exit                                0x08001711   Thumb Code     8  sys_exit.o(.text)
    __aeabi_llsl                             0x0800171d   Thumb Code     0  llshl.o(.text)
    _ll_shift_l                              0x0800171d   Thumb Code    38  llshl.o(.text)
    _chval                                   0x08001743   Thumb Code    28  _chval.o(.text)
    __default_signal_display                 0x0800175f   Thumb Code    50  defsig_general.o(.text)
    _ttywrch                                 0x08001791   Thumb Code    14  sys_wrch.o(.text)
    __btod_div_common                        0x0800179f   Thumb Code   696  btod.o(CL$$btod_div_common)
    _e2d                                     0x08001ad9   Thumb Code   122  btod.o(CL$$btod_e2d)
    _e2e                                     0x08001b5d   Thumb Code   220  btod.o(CL$$btod_e2e)
    _btod_ediv                               0x08001c39   Thumb Code    42  btod.o(CL$$btod_ediv)
    _btod_edivd                              0x08001c63   Thumb Code    42  btod.o(CL$$btod_edivd)
    _btod_emul                               0x08001c8d   Thumb Code    42  btod.o(CL$$btod_emul)
    _btod_emuld                              0x08001cb7   Thumb Code    42  btod.o(CL$$btod_emuld)
    __btod_mult_common                       0x08001ce1   Thumb Code   580  btod.o(CL$$btod_mult_common)
    CalulateCRC                              0x08001f25   Thumb Code   108  mfrc522.o(i.CalulateCRC)
    ClearBitMask                             0x08001f91   Thumb Code    28  mfrc522.o(i.ClearBitMask)
    CompareID                                0x08001fad   Thumb Code    34  main.o(i.CompareID)
    FLASH_PrefetchBufferCmd                  0x08001fd1   Thumb Code    30  stm32f4xx_flash.o(i.FLASH_PrefetchBufferCmd)
    FLASH_SetLatency                         0x08001ff5   Thumb Code     6  stm32f4xx_flash.o(i.FLASH_SetLatency)
    GPIO_Init                                0x08002001   Thumb Code   144  stm32f4xx_gpio.o(i.GPIO_Init)
    GPIO_PinAFConfig                         0x08002091   Thumb Code    70  stm32f4xx_gpio.o(i.GPIO_PinAFConfig)
    GPIO_ResetBits                           0x080020d7   Thumb Code     6  stm32f4xx_gpio.o(i.GPIO_ResetBits)
    GPIO_SetBits                             0x080020dd   Thumb Code     4  stm32f4xx_gpio.o(i.GPIO_SetBits)
    HCSR04_Init                              0x080020e1   Thumb Code   206  main.o(i.HCSR04_Init)
    HCSR_GetDistance                         0x080021b5   Thumb Code   114  main.o(i.HCSR_GetDistance)
    MAP                                      0x08002231   Thumb Code    34  main.o(i.MAP)
    MF522_init                               0x08002255   Thumb Code   220  mfrc522.o(i.MF522_init)
    MFRC522_AntennaOn                        0x08002341   Thumb Code    26  mfrc522.o(i.MFRC522_AntennaOn)
    MFRC522_Anticoll                         0x0800235b   Thumb Code   112  mfrc522.o(i.MFRC522_Anticoll)
    MFRC522_ComMF522                         0x080023cb   Thumb Code   314  mfrc522.o(i.MFRC522_ComMF522)
    MFRC522_Halt                             0x08002505   Thumb Code    52  mfrc522.o(i.MFRC522_Halt)
    MFRC522_ReadRegister                     0x08002539   Thumb Code    62  mfrc522.o(i.MFRC522_ReadRegister)
    MFRC522_Request                          0x0800257d   Thumb Code    84  mfrc522.o(i.MFRC522_Request)
    MFRC522_Reset                            0x080025d1   Thumb Code   124  mfrc522.o(i.MFRC522_Reset)
    MFRC522_WriteRegister                    0x08002651   Thumb Code    56  mfrc522.o(i.MFRC522_WriteRegister)
    Motor_Init                               0x0800268d   Thumb Code   262  main.o(i.Motor_Init)
    RCC_AHB1PeriphClockCmd                   0x080027a1   Thumb Code    26  stm32f4xx_rcc.o(i.RCC_AHB1PeriphClockCmd)
    RCC_APB1PeriphClockCmd                   0x080027c1   Thumb Code    26  stm32f4xx_rcc.o(i.RCC_APB1PeriphClockCmd)
    RCC_APB1PeriphResetCmd                   0x080027e1   Thumb Code    26  stm32f4xx_rcc.o(i.RCC_APB1PeriphResetCmd)
    RCC_APB2PeriphClockCmd                   0x08002801   Thumb Code    26  stm32f4xx_rcc.o(i.RCC_APB2PeriphClockCmd)
    RCC_APB2PeriphResetCmd                   0x08002821   Thumb Code    26  stm32f4xx_rcc.o(i.RCC_APB2PeriphResetCmd)
    RCC_DeInit                               0x08002841   Thumb Code    82  stm32f4xx_rcc.o(i.RCC_DeInit)
    RCC_GetClocksFreq                        0x080028a5   Thumb Code   214  stm32f4xx_rcc.o(i.RCC_GetClocksFreq)
    RCC_GetFlagStatus                        0x0800298d   Thumb Code    60  stm32f4xx_rcc.o(i.RCC_GetFlagStatus)
    RCC_GetSYSCLKSource                      0x080029cd   Thumb Code    10  stm32f4xx_rcc.o(i.RCC_GetSYSCLKSource)
    RCC_HCLKConfig                           0x080029dd   Thumb Code    18  stm32f4xx_rcc.o(i.RCC_HCLKConfig)
    RCC_HSEConfig                            0x080029f5   Thumb Code    12  stm32f4xx_rcc.o(i.RCC_HSEConfig)
    RCC_PCLK1Config                          0x08002a05   Thumb Code    18  stm32f4xx_rcc.o(i.RCC_PCLK1Config)
    RCC_PCLK2Config                          0x08002a1d   Thumb Code    20  stm32f4xx_rcc.o(i.RCC_PCLK2Config)
    RCC_PLLCmd                               0x08002a35   Thumb Code     6  stm32f4xx_rcc.o(i.RCC_PLLCmd)
    RCC_PLLConfig                            0x08002a41   Thumb Code    30  stm32f4xx_rcc.o(i.RCC_PLLConfig)
    RCC_SYSCLKConfig                         0x08002a65   Thumb Code    18  stm32f4xx_rcc.o(i.RCC_SYSCLKConfig)
    RCC_Setup                                0x08002a7d   Thumb Code   116  main.o(i.RCC_Setup)
    RCC_WaitForHSEStartUp                    0x08002af1   Thumb Code    56  stm32f4xx_rcc.o(i.RCC_WaitForHSEStartUp)
    SPI_Cmd                                  0x08002b29   Thumb Code    24  stm32f4xx_spi.o(i.SPI_Cmd)
    SPI_I2S_DeInit                           0x08002b41   Thumb Code   152  stm32f4xx_spi.o(i.SPI_I2S_DeInit)
    SPI_Init                                 0x08002bf1   Thumb Code    60  stm32f4xx_spi.o(i.SPI_Init)
    SPI_transfer                             0x08002c2d   Thumb Code    62  mfrc522.o(i.SPI_transfer)
    SetBitMask                               0x08002c71   Thumb Code    28  mfrc522.o(i.SetBitMask)
    SystemInit                               0x08002d79   Thumb Code    88  system_stm32f4xx.o(i.SystemInit)
    TCRT5000                                 0x08002de1   Thumb Code    46  main.o(i.TCRT5000)
    TIMER13_Init                             0x08002ea1   Thumb Code    56  main.o(i.TIMER13_Init)
    TIM_ARRPreloadConfig                     0x08002edd   Thumb Code    24  stm32f4xx_tim.o(i.TIM_ARRPreloadConfig)
    TIM_ClearFlag                            0x08002ef5   Thumb Code     6  stm32f4xx_tim.o(i.TIM_ClearFlag)
    TIM_Cmd                                  0x08002efb   Thumb Code    24  stm32f4xx_tim.o(i.TIM_Cmd)
    TIM_CtrlPWMOutputs                       0x08002f13   Thumb Code    30  stm32f4xx_tim.o(i.TIM_CtrlPWMOutputs)
    TIM_DeInit                               0x08002f31   Thumb Code   346  stm32f4xx_tim.o(i.TIM_DeInit)
    TIM_GetCapture1                          0x080030c1   Thumb Code     6  stm32f4xx_tim.o(i.TIM_GetCapture1)
    TIM_GetCapture2                          0x080030c7   Thumb Code     6  stm32f4xx_tim.o(i.TIM_GetCapture2)
    TIM_GetCounter                           0x080030cd   Thumb Code     6  stm32f4xx_tim.o(i.TIM_GetCounter)
    TIM_GetFlagStatus                        0x080030d3   Thumb Code    18  stm32f4xx_tim.o(i.TIM_GetFlagStatus)
    TIM_OC1Init                              0x080030e5   Thumb Code   114  stm32f4xx_tim.o(i.TIM_OC1Init)
    TIM_OC1PreloadConfig                     0x08003161   Thumb Code    18  stm32f4xx_tim.o(i.TIM_OC1PreloadConfig)
    TIM_OC2Init                              0x08003175   Thumb Code   154  stm32f4xx_tim.o(i.TIM_OC2Init)
    TIM_OC2PreloadConfig                     0x08003219   Thumb Code    26  stm32f4xx_tim.o(i.TIM_OC2PreloadConfig)
    TIM_OC3Init                              0x08003235   Thumb Code   150  stm32f4xx_tim.o(i.TIM_OC3Init)
    TIM_OC3PreloadConfig                     0x080032d5   Thumb Code    18  stm32f4xx_tim.o(i.TIM_OC3PreloadConfig)
    TIM_OC4Init                              0x080032e9   Thumb Code   112  stm32f4xx_tim.o(i.TIM_OC4Init)
    TIM_OC4PreloadConfig                     0x08003361   Thumb Code    26  stm32f4xx_tim.o(i.TIM_OC4PreloadConfig)
    TIM_PWMIConfig                           0x0800337b   Thumb Code   124  stm32f4xx_tim.o(i.TIM_PWMIConfig)
    TIM_SelectInputTrigger                   0x080033f7   Thumb Code    18  stm32f4xx_tim.o(i.TIM_SelectInputTrigger)
    TIM_SelectMasterSlaveMode                0x08003409   Thumb Code    18  stm32f4xx_tim.o(i.TIM_SelectMasterSlaveMode)
    TIM_SetCounter                           0x0800341b   Thumb Code     4  stm32f4xx_tim.o(i.TIM_SetCounter)
    TIM_SetIC1Prescaler                      0x0800341f   Thumb Code    18  stm32f4xx_tim.o(i.TIM_SetIC1Prescaler)
    TIM_SetIC2Prescaler                      0x08003431   Thumb Code    26  stm32f4xx_tim.o(i.TIM_SetIC2Prescaler)
    TIM_TimeBaseInit                         0x0800344d   Thumb Code   104  stm32f4xx_tim.o(i.TIM_TimeBaseInit)
    TM_GPIO_GetPortSource                    0x080034d1   Thumb Code    14  tm_stm32f4_gpio.o(i.TM_GPIO_GetPortSource)
    TM_GPIO_INT_EnableClock                  0x080034e1   Thumb Code    28  tm_stm32f4_gpio.o(i.TM_GPIO_INT_EnableClock)
    TM_GPIO_INT_Init                         0x08003501   Thumb Code   170  tm_stm32f4_gpio.o(i.TM_GPIO_INT_Init)
    TM_GPIO_InitAlternate                    0x080035b1   Thumb Code   110  tm_stm32f4_gpio.o(i.TM_GPIO_InitAlternate)
    TM_PWM_INT_InitTIM10Pins                 0x08003621   Thumb Code    82  tm_stm32f4_pwm.o(i.TM_PWM_INT_InitTIM10Pins)
    TM_PWM_INT_InitTIM11Pins                 0x0800367d   Thumb Code    82  tm_stm32f4_pwm.o(i.TM_PWM_INT_InitTIM11Pins)
    TM_PWM_INT_InitTIM12Pins                 0x080036d9   Thumb Code   160  tm_stm32f4_pwm.o(i.TM_PWM_INT_InitTIM12Pins)
    TM_PWM_INT_InitTIM13Pins                 0x08003781   Thumb Code    86  tm_stm32f4_pwm.o(i.TM_PWM_INT_InitTIM13Pins)
    TM_PWM_INT_InitTIM14Pins                 0x080037e1   Thumb Code    86  tm_stm32f4_pwm.o(i.TM_PWM_INT_InitTIM14Pins)
    TM_PWM_INT_InitTIM1Pins                  0x08003841   Thumb Code   292  tm_stm32f4_pwm.o(i.TM_PWM_INT_InitTIM1Pins)
    TM_PWM_INT_InitTIM2Pins                  0x0800396d   Thumb Code   320  tm_stm32f4_pwm.o(i.TM_PWM_INT_InitTIM2Pins)
    TM_PWM_INT_InitTIM3Pins                  0x08003ab5   Thumb Code   348  tm_stm32f4_pwm.o(i.TM_PWM_INT_InitTIM3Pins)
    TM_PWM_INT_InitTIM4Pins                  0x08003c1d   Thumb Code   292  tm_stm32f4_pwm.o(i.TM_PWM_INT_InitTIM4Pins)
    TM_PWM_INT_InitTIM5Pins                  0x08003d49   Thumb Code   292  tm_stm32f4_pwm.o(i.TM_PWM_INT_InitTIM5Pins)
    TM_PWM_INT_InitTIM8Pins                  0x08003e79   Thumb Code   282  tm_stm32f4_pwm.o(i.TM_PWM_INT_InitTIM8Pins)
    TM_PWM_INT_InitTIM9Pins                  0x08003f9d   Thumb Code   146  tm_stm32f4_pwm.o(i.TM_PWM_INT_InitTIM9Pins)
    TM_PWM_InitChannel                       0x08004039   Thumb Code   228  tm_stm32f4_pwm.o(i.TM_PWM_InitChannel)
    TM_PWM_InitTimer                         0x08004149   Thumb Code   256  tm_stm32f4_pwm.o(i.TM_PWM_InitTimer)
    TM_PWM_SetChannel                        0x08004269   Thumb Code   242  tm_stm32f4_pwm.o(i.TM_PWM_SetChannel)
    TM_PWM_SetChannelMicros                  0x0800435b   Thumb Code    46  tm_stm32f4_pwm.o(i.TM_PWM_SetChannelMicros)
    TM_SERVO_Init                            0x08004389   Thumb Code    62  tm_stm32f4_servo.o(i.TM_SERVO_Init)
    TM_SERVO_SetDegrees                      0x080043d1   Thumb Code   100  tm_stm32f4_servo.o(i.TM_SERVO_SetDegrees)
    TM_TIMER_PROPERTIES_EnableClock          0x08004441   Thumb Code   294  tm_stm32f4_timer_properties.o(i.TM_TIMER_PROPERTIES_EnableClock)
    TM_TIMER_PROPERTIES_GenerateDataForWorkingFrequency 0x080045a1   Thumb Code   202  tm_stm32f4_timer_properties.o(i.TM_TIMER_PROPERTIES_GenerateDataForWorkingFrequency)
    TM_TIMER_PROPERTIES_GetTimerProperties   0x08004675   Thumb Code   150  tm_stm32f4_timer_properties.o(i.TM_TIMER_PROPERTIES_GetTimerProperties)
    USART3_IRQHandler                        0x08004741   Thumb Code    78  main.o(i.USART3_IRQHandler)
    USART_ClearITPendingBit                  0x080047a5   Thumb Code    30  stm32f4xx_usart.o(i.USART_ClearITPendingBit)
    USART_Cmd                                0x080047c3   Thumb Code    24  stm32f4xx_usart.o(i.USART_Cmd)
    USART_GetFlagStatus                      0x080047db   Thumb Code    26  stm32f4xx_usart.o(i.USART_GetFlagStatus)
    USART_GetITStatus                        0x080047f5   Thumb Code    84  stm32f4xx_usart.o(i.USART_GetITStatus)
    USART_ITConfig                           0x08004849   Thumb Code    74  stm32f4xx_usart.o(i.USART_ITConfig)
    USART_Init                               0x08004895   Thumb Code   204  stm32f4xx_usart.o(i.USART_Init)
    USART_Puts                               0x08004969   Thumb Code    50  main.o(i.USART_Puts)
    USART_ReceiveData                        0x0800499b   Thumb Code    10  stm32f4xx_usart.o(i.USART_ReceiveData)
    Usart_Cofig                              0x080049a5   Thumb Code   166  main.o(i.Usart_Cofig)
    XuLyTCRT5000                             0x08004a55   Thumb Code   842  main.o(i.XuLyTCRT5000)
    __hardfp___mathlib_tofloat               0x08004de9   Thumb Code   232  narrow.o(i.__hardfp___mathlib_tofloat)
    __hardfp_ldexp                           0x08004ee1   Thumb Code   200  ldexp.o(i.__hardfp_ldexp)
    __hardfp_strtod                          0x08004fb1   Thumb Code    30  strtod.o(i.__hardfp_strtod)
    __mathlib_dbl_overflow                   0x08004fd9   Thumb Code    24  dunder.o(i.__mathlib_dbl_overflow)
    __mathlib_dbl_underflow                  0x08004ff9   Thumb Code    24  dunder.o(i.__mathlib_dbl_underflow)
    __mathlib_narrow                         0x08005019   Thumb Code    18  narrow.o(i.__mathlib_narrow)
    __support_ldexp                          0x0800502b   Thumb Code    20  ldexp.o(i.__support_ldexp)
    _is_digit                                0x0800503f   Thumb Code    14  __printf_wp.o(i._is_digit)
    cJSON_Delete                             0x08005095   Thumb Code    84  cjson.o(i.cJSON_Delete)
    cJSON_GetObjectItem                      0x080050ed   Thumb Code    18  cjson.o(i.cJSON_GetObjectItem)
    cJSON_HasObjectItem                      0x080050ff   Thumb Code    24  cjson.o(i.cJSON_HasObjectItem)
    cJSON_Parse                              0x08005131   Thumb Code    16  cjson.o(i.cJSON_Parse)
    cJSON_ParseWithLengthOpts                0x08005141   Thumb Code   204  cjson.o(i.cJSON_ParseWithLengthOpts)
    cJSON_ParseWithOpts                      0x08005215   Thumb Code    40  cjson.o(i.cJSON_ParseWithOpts)
    delay                                    0x08005285   Thumb Code    38  main.o(i.delay)
    delay_us                                 0x080052b1   Thumb Code    36  main.o(i.delay_us)
    frexp                                    0x080052d9   Thumb Code   118  frexp.o(i.frexp)
    main                                     0x080053bd   Thumb Code  1154  main.o(i.main)
    rfid_read                                0x08005efd   Thumb Code   170  main.o(i.rfid_read)
    xu_ly_json                               0x0800614d   Thumb Code   946  main.o(i.xu_ly_json)
    _get_lc_ctype                            0x080065b9   Thumb Code    44  lc_ctype_c.o(locale$$code)
    _get_lc_numeric                          0x080065e5   Thumb Code    44  lc_numeric_c.o(locale$$code)
    __aeabi_d2f                              0x08006611   Thumb Code     0  d2f.o(x$fpl$d2f)
    _d2f                                     0x08006611   Thumb Code    98  d2f.o(x$fpl$d2f)
    __aeabi_dadd                             0x08006675   Thumb Code     0  daddsub_clz.o(x$fpl$dadd)
    _dadd                                    0x08006675   Thumb Code   332  daddsub_clz.o(x$fpl$dadd)
    __fpl_dcheck_NaN1                        0x080067c5   Thumb Code    10  dcheck1.o(x$fpl$dcheck1)
    __fpl_dcmp_Inf                           0x080067d5   Thumb Code    24  dcmpi.o(x$fpl$dcmpinf)
    __aeabi_ddiv                             0x080067ed   Thumb Code     0  ddiv.o(x$fpl$ddiv)
    _ddiv                                    0x080067ed   Thumb Code   552  ddiv.o(x$fpl$ddiv)
    __aeabi_cdcmpeq                          0x08006a9d   Thumb Code     0  deqf.o(x$fpl$deqf)
    _dcmpeq                                  0x08006a9d   Thumb Code   120  deqf.o(x$fpl$deqf)
    __aeabi_d2iz                             0x08006b15   Thumb Code     0  dfix.o(x$fpl$dfix)
    _dfix                                    0x08006b15   Thumb Code    94  dfix.o(x$fpl$dfix)
    __aeabi_d2uiz                            0x08006b75   Thumb Code     0  dfixu.o(x$fpl$dfixu)
    _dfixu                                   0x08006b75   Thumb Code    90  dfixu.o(x$fpl$dfixu)
    __aeabi_i2d                              0x08006bcf   Thumb Code     0  dflt_clz.o(x$fpl$dflt)
    _dflt                                    0x08006bcf   Thumb Code    46  dflt_clz.o(x$fpl$dflt)
    __aeabi_ui2d                             0x08006bfd   Thumb Code     0  dflt_clz.o(x$fpl$dfltu)
    _dfltu                                   0x08006bfd   Thumb Code    38  dflt_clz.o(x$fpl$dfltu)
    __aeabi_cdcmple                          0x08006c25   Thumb Code     0  dleqf.o(x$fpl$dleqf)
    _dcmple                                  0x08006c25   Thumb Code   120  dleqf.o(x$fpl$dleqf)
    __fpl_dcmple_InfNaN                      0x08006c87   Thumb Code     0  dleqf.o(x$fpl$dleqf)
    __aeabi_dmul                             0x08006c9d   Thumb Code     0  dmul.o(x$fpl$dmul)
    _dmul                                    0x08006c9d   Thumb Code   332  dmul.o(x$fpl$dmul)
    __fpl_dnaninf                            0x08006df1   Thumb Code   156  dnaninf.o(x$fpl$dnaninf)
    __fpl_dretinf                            0x08006e8d   Thumb Code    12  dretinf.o(x$fpl$dretinf)
    __aeabi_cdrcmple                         0x08006e99   Thumb Code     0  drleqf.o(x$fpl$drleqf)
    _drcmple                                 0x08006e99   Thumb Code   108  drleqf.o(x$fpl$drleqf)
    __aeabi_dsub                             0x08006f05   Thumb Code     0  daddsub_clz.o(x$fpl$dsub)
    _dsub                                    0x08006f05   Thumb Code   464  daddsub_clz.o(x$fpl$dsub)
    _fp_init                                 0x080070d9   Thumb Code    10  fpinit.o(x$fpl$fpinit)
    __fplib_config_fpu_vfp                   0x080070e1   Thumb Code     0  fpinit.o(x$fpl$fpinit)
    __fplib_config_pureend_doubles           0x080070e1   Thumb Code     0  fpinit.o(x$fpl$fpinit)
    __fpl_fretinf                            0x080070e3   Thumb Code    10  fretinf.o(x$fpl$fretinf)
    __ieee_status                            0x080070ed   Thumb Code     6  istatus.o(x$fpl$ieeestatus)
    __fpl_return_NaN                         0x080070f3   Thumb Code   100  retnan.o(x$fpl$retnan)
    __ARM_scalbn                             0x08007157   Thumb Code    92  scalbn.o(x$fpl$scalbn)
    _scanf_real                              0x080071b3   Thumb Code     4  scanf1.o(x$fpl$scanf1)
    _scanf_hex_real                          0x080071b7   Thumb Code     4  scanf2.o(x$fpl$scanf2)
    _scanf_infnan                            0x080071bb   Thumb Code     4  scanf2.o(x$fpl$scanf2)
    __fpl_cmpreturn                          0x080071bf   Thumb Code    48  trapv.o(x$fpl$trapveneer)
    __I$use$fp                               0x080071ee   Number         0  usenofp.o(x$fpl$usenofp)
    Region$$Table$$Base                      0x080072bc   Number         0  anon$$obj.o(Region$$Table)
    Region$$Table$$Limit                     0x080072dc   Number         0  anon$$obj.o(Region$$Table)
    __aeabi_HUGE_VAL                         0x080072dc   Data           0  fpconst.o(c$$dinf)
    __aeabi_HUGE_VALL                        0x080072dc   Data           0  fpconst.o(c$$dinf)
    __aeabi_INFINITY                         0x080072dc   Data           0  fpconst.o(c$$dinf)
    __dInf                                   0x080072dc   Data           0  fpconst.o(c$$dinf)
    __huge_val                               0x080072dc   Data           0  fpconst.o(c$$dinf)
    __dbl_max                                0x080072e4   Data           0  fpconst.o(c$$dmax)
    __ctype                                  0x080072f9   Data           0  lc_ctype_c.o(locale$$data)
    tcrt_arr                                 0x20000010   Data           5  main.o(.data)
    dis                                      0x20000016   Data           2  main.o(.data)
    ngat_usart                               0x20000018   Data           1  main.o(.data)
    status                                   0x20000019   Data           1  main.o(.data)
    flag_loop                                0x2000001a   Data           1  main.o(.data)
    receive                                  0x2000001b   Data           1  main.o(.data)
    buff_index                               0x2000001c   Data           4  main.o(.data)
    Robot                                    0x20000020   Data           5  main.o(.data)
    kp                                       0x20000028   Data           8  main.o(.data)
    kd                                       0x20000030   Data           8  main.o(.data)
    ki                                       0x20000038   Data           8  main.o(.data)
    PWM_Value                                0x20000040   Data           4  main.o(.data)
    max_speed                                0x20000044   Data           1  main.o(.data)
    Target                                   0x20000048   Data           4  main.o(.data)
    Actual                                   0x2000004c   Data           4  main.o(.data)
    Error                                    0x20000050   Data           4  main.o(.data)
    ErrorOld                                 0x20000054   Data           4  main.o(.data)
    ErrorChange                              0x20000058   Data           4  main.o(.data)
    ErrorSlope                               0x2000005c   Data           4  main.o(.data)
    ErrorArea                                0x20000060   Data           4  main.o(.data)
    left                                     0x20000064   Data           4  main.o(.data)
    right                                    0x20000068   Data           4  main.o(.data)
    quan_ly_data                             0x2000006c   Data           4  main.o(.data)
    R0                                       0x20000070   Data          10  main.o(.data)
    R7                                       0x2000007a   Data          10  main.o(.data)
    R8                                       0x20000084   Data          10  main.o(.data)
    R9                                       0x2000008e   Data          10  main.o(.data)
    R10                                      0x20000098   Data          10  main.o(.data)
    kq                                       0x200000a2   Data           1  main.o(.data)
    mode                                     0x200000a3   Data           1  main.o(.data)
    stop                                     0x200000a4   Data           1  main.o(.data)
    stopW                                    0x200000a5   Data           1  main.o(.data)
    Power                                    0x200000a6   Data           1  main.o(.data)
    hientai                                  0x200000a7   Data          10  main.o(.data)
    batdau                                   0x200000b1   Data          10  main.o(.data)
    ketthuc                                  0x200000bb   Data          10  main.o(.data)
    bd_kt                                    0x200000c8   Data           4  main.o(.data)
    huong                                    0x200000cc   Data           4  main.o(.data)
    so                                       0x200000d0   Data           4  main.o(.data)
    minh_json                                0x20000140   Data         200  main.o(.bss)
    buffer                                   0x20000208   Data          15  main.o(.bss)
    g_ucTempbuf                              0x20000217   Data          20  main.o(.bss)
    buff                                     0x2000022b   Data         200  main.o(.bss)
    Servo                                    0x200002f4   Data         280  main.o(.bss)
    __libspace_start                         0x20000424   Data          96  libspace.o(.bss)
    __temporary_stack_top$libspace           0x20000484   Data           0  libspace.o(.bss)



==============================================================================

Memory Map of the image

  Image Entry point : 0x0800025d

  Load Region LR_1 (Base: 0x08000000, Size: 0x00007500, Max: 0xffffffff, ABSOLUTE)

    Execution Region ER_RO (Exec base: 0x08000000, Load base: 0x08000000, Size: 0x00007418, Max: 0xffffffff, ABSOLUTE)

    Exec Addr    Load Addr    Size         Type   Attr      Idx    E Section Name        Object

    0x08000000   0x08000000   0x00000188   Data   RO          638    RESET               startup_stm32f40xx.o
    0x08000188   0x08000188   0x00000008   Code   RO         4502  * !!!main             c_w.l(__main.o)
    0x08000190   0x08000190   0x00000034   Code   RO         4915    !!!scatter          c_w.l(__scatter.o)
    0x080001c4   0x080001c4   0x0000001a   Code   RO         4917    !!handler_copy      c_w.l(__scatter_copy.o)
    0x080001de   0x080001de   0x00000002   PAD
    0x080001e0   0x080001e0   0x0000001c   Code   RO         4919    !!handler_zi        c_w.l(__scatter_zi.o)
    0x080001fc   0x080001fc   0x00000000   Code   RO         4479    .ARM.Collect$$_printf_percent$$00000000  c_w.l(_printf_percent.o)
    0x080001fc   0x080001fc   0x00000006   Code   RO         4475    .ARM.Collect$$_printf_percent$$0000000C  c_w.l(_printf_x.o)
    0x08000202   0x08000202   0x00000006   Code   RO         4474    .ARM.Collect$$_printf_percent$$00000014  c_w.l(_printf_s.o)
    0x08000208   0x08000208   0x00000004   Code   RO         4594    .ARM.Collect$$_printf_percent$$00000017  c_w.l(_printf_percent_end.o)
    0x0800020c   0x0800020c   0x00000002   Code   RO         4801    .ARM.Collect$$libinit$$00000000  c_w.l(libinit.o)
    0x0800020e   0x0800020e   0x00000004   Code   RO         4605    .ARM.Collect$$libinit$$00000001  c_w.l(libinit2.o)
    0x08000212   0x08000212   0x00000000   Code   RO         4608    .ARM.Collect$$libinit$$00000004  c_w.l(libinit2.o)
    0x08000212   0x08000212   0x00000008   Code   RO         4609    .ARM.Collect$$libinit$$00000005  c_w.l(libinit2.o)
    0x0800021a   0x0800021a   0x00000000   Code   RO         4611    .ARM.Collect$$libinit$$0000000A  c_w.l(libinit2.o)
    0x0800021a   0x0800021a   0x00000000   Code   RO         4613    .ARM.Collect$$libinit$$0000000C  c_w.l(libinit2.o)
    0x0800021a   0x0800021a   0x00000000   Code   RO         4615    .ARM.Collect$$libinit$$0000000E  c_w.l(libinit2.o)
    0x0800021a   0x0800021a   0x00000006   Code   RO         4616    .ARM.Collect$$libinit$$0000000F  c_w.l(libinit2.o)
    0x08000220   0x08000220   0x00000000   Code   RO         4618    .ARM.Collect$$libinit$$00000011  c_w.l(libinit2.o)
    0x08000220   0x08000220   0x0000000c   Code   RO         4619    .ARM.Collect$$libinit$$00000012  c_w.l(libinit2.o)
    0x0800022c   0x0800022c   0x00000000   Code   RO         4620    .ARM.Collect$$libinit$$00000013  c_w.l(libinit2.o)
    0x0800022c   0x0800022c   0x00000000   Code   RO         4622    .ARM.Collect$$libinit$$00000015  c_w.l(libinit2.o)
    0x0800022c   0x0800022c   0x0000000a   Code   RO         4623    .ARM.Collect$$libinit$$00000016  c_w.l(libinit2.o)
    0x08000236   0x08000236   0x00000000   Code   RO         4624    .ARM.Collect$$libinit$$00000017  c_w.l(libinit2.o)
    0x08000236   0x08000236   0x00000000   Code   RO         4626    .ARM.Collect$$libinit$$00000019  c_w.l(libinit2.o)
    0x08000236   0x08000236   0x00000000   Code   RO         4628    .ARM.Collect$$libinit$$0000001B  c_w.l(libinit2.o)
    0x08000236   0x08000236   0x00000000   Code   RO         4630    .ARM.Collect$$libinit$$0000001D  c_w.l(libinit2.o)
    0x08000236   0x08000236   0x00000000   Code   RO         4632    .ARM.Collect$$libinit$$0000001F  c_w.l(libinit2.o)
    0x08000236   0x08000236   0x00000000   Code   RO         4634    .ARM.Collect$$libinit$$00000021  c_w.l(libinit2.o)
    0x08000236   0x08000236   0x00000000   Code   RO         4636    .ARM.Collect$$libinit$$00000023  c_w.l(libinit2.o)
    0x08000236   0x08000236   0x00000000   Code   RO         4638    .ARM.Collect$$libinit$$00000025  c_w.l(libinit2.o)
    0x08000236   0x08000236   0x00000000   Code   RO         4642    .ARM.Collect$$libinit$$0000002C  c_w.l(libinit2.o)
    0x08000236   0x08000236   0x00000000   Code   RO         4644    .ARM.Collect$$libinit$$0000002E  c_w.l(libinit2.o)
    0x08000236   0x08000236   0x00000000   Code   RO         4646    .ARM.Collect$$libinit$$00000030  c_w.l(libinit2.o)
    0x08000236   0x08000236   0x00000000   Code   RO         4648    .ARM.Collect$$libinit$$00000032  c_w.l(libinit2.o)
    0x08000236   0x08000236   0x00000002   Code   RO         4649    .ARM.Collect$$libinit$$00000033  c_w.l(libinit2.o)
    0x08000238   0x08000238   0x00000002   Code   RO         4906    .ARM.Collect$$libshutdown$$00000000  c_w.l(libshutdown.o)
    0x0800023a   0x0800023a   0x00000000   Code   RO         4827    .ARM.Collect$$libshutdown$$00000002  c_w.l(libshutdown2.o)
    0x0800023a   0x0800023a   0x00000000   Code   RO         4829    .ARM.Collect$$libshutdown$$00000004  c_w.l(libshutdown2.o)
    0x0800023a   0x0800023a   0x00000000   Code   RO         4832    .ARM.Collect$$libshutdown$$00000007  c_w.l(libshutdown2.o)
    0x0800023a   0x0800023a   0x00000000   Code   RO         4835    .ARM.Collect$$libshutdown$$0000000A  c_w.l(libshutdown2.o)
    0x0800023a   0x0800023a   0x00000000   Code   RO         4837    .ARM.Collect$$libshutdown$$0000000C  c_w.l(libshutdown2.o)
    0x0800023a   0x0800023a   0x00000000   Code   RO         4840    .ARM.Collect$$libshutdown$$0000000F  c_w.l(libshutdown2.o)
    0x0800023a   0x0800023a   0x00000002   Code   RO         4841    .ARM.Collect$$libshutdown$$00000010  c_w.l(libshutdown2.o)
    0x0800023c   0x0800023c   0x00000000   Code   RO         4556    .ARM.Collect$$rtentry$$00000000  c_w.l(__rtentry.o)
    0x0800023c   0x0800023c   0x00000000   Code   RO         4665    .ARM.Collect$$rtentry$$00000002  c_w.l(__rtentry2.o)
    0x0800023c   0x0800023c   0x00000006   Code   RO         4677    .ARM.Collect$$rtentry$$00000004  c_w.l(__rtentry4.o)
    0x08000242   0x08000242   0x00000000   Code   RO         4667    .ARM.Collect$$rtentry$$00000009  c_w.l(__rtentry2.o)
    0x08000242   0x08000242   0x00000004   Code   RO         4668    .ARM.Collect$$rtentry$$0000000A  c_w.l(__rtentry2.o)
    0x08000246   0x08000246   0x00000000   Code   RO         4670    .ARM.Collect$$rtentry$$0000000C  c_w.l(__rtentry2.o)
    0x08000246   0x08000246   0x00000008   Code   RO         4671    .ARM.Collect$$rtentry$$0000000D  c_w.l(__rtentry2.o)
    0x0800024e   0x0800024e   0x00000002   Code   RO         4812    .ARM.Collect$$rtexit$$00000000  c_w.l(rtexit.o)
    0x08000250   0x08000250   0x00000000   Code   RO         4863    .ARM.Collect$$rtexit$$00000002  c_w.l(rtexit2.o)
    0x08000250   0x08000250   0x00000004   Code   RO         4864    .ARM.Collect$$rtexit$$00000003  c_w.l(rtexit2.o)
    0x08000254   0x08000254   0x00000006   Code   RO         4865    .ARM.Collect$$rtexit$$00000004  c_w.l(rtexit2.o)
    0x0800025a   0x0800025a   0x00000002   PAD
    0x0800025c   0x0800025c   0x00000000   Code   RO         4691    .emb_text           c_w.l(maybetermalloc1.o)
    0x0800025c   0x0800025c   0x00000040   Code   RO          639  * .text               startup_stm32f40xx.o
    0x0800029c   0x0800029c   0x0000005e   Code   RO         4357    .text               c_w.l(h1_alloc.o)
    0x080002fa   0x080002fa   0x0000004e   Code   RO         4359    .text               c_w.l(h1_free.o)
    0x08000348   0x08000348   0x000000b8   Code   RO         4361    .text               c_w.l(h1_realloc.o)
    0x08000400   0x08000400   0x0000001a   Code   RO         4419    .text               c_w.l(tolower.o)
    0x0800041a   0x0800041a   0x00000002   PAD
    0x0800041c   0x0800041c   0x0000002c   Code   RO         4421    .text               c_w.l(__2sprintf.o)
    0x08000448   0x08000448   0x0000004e   Code   RO         4427    .text               c_w.l(_printf_pad.o)
    0x08000496   0x08000496   0x00000052   Code   RO         4429    .text               c_w.l(_printf_str.o)
    0x080004e8   0x080004e8   0x00000058   Code   RO         4436    .text               c_w.l(_printf_hex_int.o)
    0x08000540   0x08000540   0x00000188   Code   RO         4471    .text               c_w.l(__printf_flags_ss_wp.o)
    0x080006c8   0x080006c8   0x0000003e   Code   RO         4486    .text               c_w.l(strlen.o)
    0x08000706   0x08000706   0x00000096   Code   RO         4488    .text               c_w.l(strncmp.o)
    0x0800079c   0x0800079c   0x00000018   Code   RO         4490    .text               c_w.l(strcat.o)
    0x080007b4   0x080007b4   0x00000064   Code   RO         4494    .text               c_w.l(rt_memcpy_w.o)
    0x08000818   0x08000818   0x0000004e   Code   RO         4496    .text               c_w.l(rt_memclr_w.o)
    0x08000866   0x08000866   0x00000002   PAD
    0x08000868   0x08000868   0x00000080   Code   RO         4498    .text               c_w.l(strcmpv7m.o)
    0x080008e8   0x080008e8   0x00000006   Code   RO         4500    .text               c_w.l(heapauxi.o)
    0x080008ee   0x080008ee   0x00000002   PAD
    0x080008f0   0x080008f0   0x00000010   Code   RO         4557    .text               c_w.l(rt_ctype_table.o)
    0x08000900   0x08000900   0x00000008   Code   RO         4562    .text               c_w.l(rt_heap_descriptor_intlibspace.o)
    0x08000908   0x08000908   0x00000004   Code   RO         4564    .text               c_w.l(hguard.o)
    0x0800090c   0x0800090c   0x0000008a   Code   RO         4566    .text               c_w.l(init_alloc.o)
    0x08000996   0x08000996   0x0000000e   Code   RO         4570    .text               c_w.l(h1_init.o)
    0x080009a4   0x080009a4   0x000000b2   Code   RO         4584    .text               c_w.l(_printf_intcommon.o)
    0x08000a56   0x08000a56   0x00000002   PAD
    0x08000a58   0x08000a58   0x00000030   Code   RO         4588    .text               c_w.l(_printf_char_common.o)
    0x08000a88   0x08000a88   0x0000000a   Code   RO         4590    .text               c_w.l(_sputc.o)
    0x08000a92   0x08000a92   0x0000002c   Code   RO         4592    .text               c_w.l(_printf_char.o)
    0x08000abe   0x08000abe   0x00000002   PAD
    0x08000ac0   0x08000ac0   0x000004f8   Code   RO         4595    .text               c_w.l(scanf_fp.o)
    0x08000fb8   0x08000fb8   0x00000040   Code   RO         4599    .text               c_w.l(_sgetc.o)
    0x08000ff8   0x08000ff8   0x000000a4   Code   RO         4601    .text               c_w.l(strtod.o)
    0x0800109c   0x0800109c   0x00000008   Code   RO         4661    .text               c_w.l(libspace.o)
    0x080010a4   0x080010a4   0x00000008   Code   RO         4682    .text               c_w.l(rt_locale_intlibspace.o)
    0x080010ac   0x080010ac   0x00000008   Code   RO         4687    .text               c_w.l(rt_errno_addr_intlibspace.o)
    0x080010b4   0x080010b4   0x00000034   Code   RO         4693    .text               c_w.l(h1_extend.o)
    0x080010e8   0x080010e8   0x00000012   Code   RO         4699    .text               c_w.l(isspace.o)
    0x080010fa   0x080010fa   0x00000002   PAD
    0x080010fc   0x080010fc   0x000000e4   Code   RO         4707    .text               c_w.l(bigflt0.o)
    0x080011e0   0x080011e0   0x0000000e   Code   RO         4738    .text               c_w.l(defsig_rtmem_outer.o)
    0x080011ee   0x080011ee   0x00000002   Code   RO         4771    .text               c_w.l(use_no_semi.o)
    0x080011f0   0x080011f0   0x00000000   Code   RO         4773    .text               c_w.l(indicate_semi.o)
    0x080011f0   0x080011f0   0x0000004a   Code   RO         4774    .text               c_w.l(sys_stackheap_outer.o)
    0x0800123a   0x0800123a   0x00000016   Code   RO         4780    .text               c_w.l(_rserrno.o)
    0x08001250   0x08001250   0x00000320   Code   RO         4782    .text               c_w.l(scanf_hexfp.o)
    0x08001570   0x08001570   0x00000134   Code   RO         4784    .text               c_w.l(scanf_infnan.o)
    0x080016a4   0x080016a4   0x00000012   Code   RO         4786    .text               c_w.l(exit.o)
    0x080016b6   0x080016b6   0x0000000a   Code   RO         4788    .text               c_w.l(defsig_exit.o)
    0x080016c0   0x080016c0   0x00000050   Code   RO         4790    .text               c_w.l(defsig_rtmem_inner.o)
    0x08001710   0x08001710   0x0000000c   Code   RO         4810    .text               c_w.l(sys_exit.o)
    0x0800171c   0x0800171c   0x00000026   Code   RO         4818    .text               c_w.l(llshl.o)
    0x08001742   0x08001742   0x0000001c   Code   RO         4820    .text               c_w.l(_chval.o)
    0x0800175e   0x0800175e   0x00000032   Code   RO         4824    .text               c_w.l(defsig_general.o)
    0x08001790   0x08001790   0x0000000e   Code   RO         4860    .text               c_w.l(sys_wrch.o)
    0x0800179e   0x0800179e   0x00000338   Code   RO         4720    CL$$btod_div_common  c_w.l(btod.o)
    0x08001ad6   0x08001ad6   0x00000002   PAD
    0x08001ad8   0x08001ad8   0x00000084   Code   RO         4718    CL$$btod_e2d        c_w.l(btod.o)
    0x08001b5c   0x08001b5c   0x000000dc   Code   RO         4717    CL$$btod_e2e        c_w.l(btod.o)
    0x08001c38   0x08001c38   0x0000002a   Code   RO         4714    CL$$btod_ediv       c_w.l(btod.o)
    0x08001c62   0x08001c62   0x0000002a   Code   RO         4716    CL$$btod_edivd      c_w.l(btod.o)
    0x08001c8c   0x08001c8c   0x0000002a   Code   RO         4713    CL$$btod_emul       c_w.l(btod.o)
    0x08001cb6   0x08001cb6   0x0000002a   Code   RO         4715    CL$$btod_emuld      c_w.l(btod.o)
    0x08001ce0   0x08001ce0   0x00000244   Code   RO         4719    CL$$btod_mult_common  c_w.l(btod.o)
    0x08001f24   0x08001f24   0x0000006c   Code   RO         2807    i.CalulateCRC       mfrc522.o
    0x08001f90   0x08001f90   0x0000001c   Code   RO         2808    i.ClearBitMask      mfrc522.o
    0x08001fac   0x08001fac   0x00000022   Code   RO         2635    i.CompareID         main.o
    0x08001fce   0x08001fce   0x00000002   PAD
    0x08001fd0   0x08001fd0   0x00000024   Code   RO         2170    i.FLASH_PrefetchBufferCmd  stm32f4xx_flash.o
    0x08001ff4   0x08001ff4   0x0000000c   Code   RO         2175    i.FLASH_SetLatency  stm32f4xx_flash.o
    0x08002000   0x08002000   0x00000090   Code   RO          538    i.GPIO_Init         stm32f4xx_gpio.o
    0x08002090   0x08002090   0x00000046   Code   RO          539    i.GPIO_PinAFConfig  stm32f4xx_gpio.o
    0x080020d6   0x080020d6   0x00000006   Code   RO          545    i.GPIO_ResetBits    stm32f4xx_gpio.o
    0x080020dc   0x080020dc   0x00000004   Code   RO          546    i.GPIO_SetBits      stm32f4xx_gpio.o
    0x080020e0   0x080020e0   0x000000d4   Code   RO         2636    i.HCSR04_Init       main.o
    0x080021b4   0x080021b4   0x0000007c   Code   RO         2637    i.HCSR_GetDistance  main.o
    0x08002230   0x08002230   0x00000022   Code   RO         2638    i.MAP               main.o
    0x08002252   0x08002252   0x00000002   PAD
    0x08002254   0x08002254   0x000000ec   Code   RO         2809    i.MF522_init        mfrc522.o
    0x08002340   0x08002340   0x0000001a   Code   RO         2811    i.MFRC522_AntennaOn  mfrc522.o
    0x0800235a   0x0800235a   0x00000070   Code   RO         2812    i.MFRC522_Anticoll  mfrc522.o
    0x080023ca   0x080023ca   0x0000013a   Code   RO         2815    i.MFRC522_ComMF522  mfrc522.o
    0x08002504   0x08002504   0x00000034   Code   RO         2816    i.MFRC522_Halt      mfrc522.o
    0x08002538   0x08002538   0x00000044   Code   RO         2818    i.MFRC522_ReadRegister  mfrc522.o
    0x0800257c   0x0800257c   0x00000054   Code   RO         2819    i.MFRC522_Request   mfrc522.o
    0x080025d0   0x080025d0   0x00000080   Code   RO         2820    i.MFRC522_Reset     mfrc522.o
    0x08002650   0x08002650   0x0000003c   Code   RO         2824    i.MFRC522_WriteRegister  mfrc522.o
    0x0800268c   0x0800268c   0x00000114   Code   RO         2639    i.Motor_Init        main.o
    0x080027a0   0x080027a0   0x00000020   Code   RO          874    i.RCC_AHB1PeriphClockCmd  stm32f4xx_rcc.o
    0x080027c0   0x080027c0   0x00000020   Code   RO          883    i.RCC_APB1PeriphClockCmd  stm32f4xx_rcc.o
    0x080027e0   0x080027e0   0x00000020   Code   RO          885    i.RCC_APB1PeriphResetCmd  stm32f4xx_rcc.o
    0x08002800   0x08002800   0x00000020   Code   RO          886    i.RCC_APB2PeriphClockCmd  stm32f4xx_rcc.o
    0x08002820   0x08002820   0x00000020   Code   RO          888    i.RCC_APB2PeriphResetCmd  stm32f4xx_rcc.o
    0x08002840   0x08002840   0x00000064   Code   RO          894    i.RCC_DeInit        stm32f4xx_rcc.o
    0x080028a4   0x080028a4   0x000000e8   Code   RO          895    i.RCC_GetClocksFreq  stm32f4xx_rcc.o
    0x0800298c   0x0800298c   0x00000040   Code   RO          896    i.RCC_GetFlagStatus  stm32f4xx_rcc.o
    0x080029cc   0x080029cc   0x00000010   Code   RO          898    i.RCC_GetSYSCLKSource  stm32f4xx_rcc.o
    0x080029dc   0x080029dc   0x00000018   Code   RO          899    i.RCC_HCLKConfig    stm32f4xx_rcc.o
    0x080029f4   0x080029f4   0x00000010   Code   RO          900    i.RCC_HSEConfig     stm32f4xx_rcc.o
    0x08002a04   0x08002a04   0x00000018   Code   RO          910    i.RCC_PCLK1Config   stm32f4xx_rcc.o
    0x08002a1c   0x08002a1c   0x00000018   Code   RO          911    i.RCC_PCLK2Config   stm32f4xx_rcc.o
    0x08002a34   0x08002a34   0x0000000c   Code   RO          912    i.RCC_PLLCmd        stm32f4xx_rcc.o
    0x08002a40   0x08002a40   0x00000024   Code   RO          913    i.RCC_PLLConfig     stm32f4xx_rcc.o
    0x08002a64   0x08002a64   0x00000018   Code   RO          924    i.RCC_SYSCLKConfig  stm32f4xx_rcc.o
    0x08002a7c   0x08002a7c   0x00000074   Code   RO         2640    i.RCC_Setup         main.o
    0x08002af0   0x08002af0   0x00000038   Code   RO          926    i.RCC_WaitForHSEStartUp  stm32f4xx_rcc.o
    0x08002b28   0x08002b28   0x00000018   Code   RO         1218    i.SPI_Cmd           stm32f4xx_spi.o
    0x08002b40   0x08002b40   0x000000b0   Code   RO         1225    i.SPI_I2S_DeInit    stm32f4xx_spi.o
    0x08002bf0   0x08002bf0   0x0000003c   Code   RO         1231    i.SPI_Init          stm32f4xx_spi.o
    0x08002c2c   0x08002c2c   0x00000044   Code   RO         2825    i.SPI_transfer      mfrc522.o
    0x08002c70   0x08002c70   0x0000001c   Code   RO         2826    i.SetBitMask        mfrc522.o
    0x08002c8c   0x08002c8c   0x000000ec   Code   RO         2594    i.SetSysClock       system_stm32f4xx.o
    0x08002d78   0x08002d78   0x00000068   Code   RO         2596    i.SystemInit        system_stm32f4xx.o
    0x08002de0   0x08002de0   0x00000034   Code   RO         2641    i.TCRT5000          main.o
    0x08002e14   0x08002e14   0x0000003a   Code   RO         1380    i.TI1_Config        stm32f4xx_tim.o
    0x08002e4e   0x08002e4e   0x00000050   Code   RO         1381    i.TI2_Config        stm32f4xx_tim.o
    0x08002e9e   0x08002e9e   0x00000002   PAD
    0x08002ea0   0x08002ea0   0x0000003c   Code   RO         2642    i.TIMER13_Init      main.o
    0x08002edc   0x08002edc   0x00000018   Code   RO         1384    i.TIM_ARRPreloadConfig  stm32f4xx_tim.o
    0x08002ef4   0x08002ef4   0x00000006   Code   RO         1390    i.TIM_ClearFlag     stm32f4xx_tim.o
    0x08002efa   0x08002efa   0x00000018   Code   RO         1396    i.TIM_Cmd           stm32f4xx_tim.o
    0x08002f12   0x08002f12   0x0000001e   Code   RO         1398    i.TIM_CtrlPWMOutputs  stm32f4xx_tim.o
    0x08002f30   0x08002f30   0x00000190   Code   RO         1401    i.TIM_DeInit        stm32f4xx_tim.o
    0x080030c0   0x080030c0   0x00000006   Code   RO         1411    i.TIM_GetCapture1   stm32f4xx_tim.o
    0x080030c6   0x080030c6   0x00000006   Code   RO         1412    i.TIM_GetCapture2   stm32f4xx_tim.o
    0x080030cc   0x080030cc   0x00000006   Code   RO         1415    i.TIM_GetCounter    stm32f4xx_tim.o
    0x080030d2   0x080030d2   0x00000012   Code   RO         1416    i.TIM_GetFlagStatus  stm32f4xx_tim.o
    0x080030e4   0x080030e4   0x0000007c   Code   RO         1425    i.TIM_OC1Init       stm32f4xx_tim.o
    0x08003160   0x08003160   0x00000012   Code   RO         1428    i.TIM_OC1PreloadConfig  stm32f4xx_tim.o
    0x08003172   0x08003172   0x00000002   PAD
    0x08003174   0x08003174   0x000000a4   Code   RO         1430    i.TIM_OC2Init       stm32f4xx_tim.o
    0x08003218   0x08003218   0x0000001a   Code   RO         1433    i.TIM_OC2PreloadConfig  stm32f4xx_tim.o
    0x08003232   0x08003232   0x00000002   PAD
    0x08003234   0x08003234   0x000000a0   Code   RO         1435    i.TIM_OC3Init       stm32f4xx_tim.o
    0x080032d4   0x080032d4   0x00000012   Code   RO         1438    i.TIM_OC3PreloadConfig  stm32f4xx_tim.o
    0x080032e6   0x080032e6   0x00000002   PAD
    0x080032e8   0x080032e8   0x00000078   Code   RO         1440    i.TIM_OC4Init       stm32f4xx_tim.o
    0x08003360   0x08003360   0x0000001a   Code   RO         1442    i.TIM_OC4PreloadConfig  stm32f4xx_tim.o
    0x0800337a   0x0800337a   0x0000007c   Code   RO         1444    i.TIM_PWMIConfig    stm32f4xx_tim.o
    0x080033f6   0x080033f6   0x00000012   Code   RO         1450    i.TIM_SelectInputTrigger  stm32f4xx_tim.o
    0x08003408   0x08003408   0x00000012   Code   RO         1451    i.TIM_SelectMasterSlaveMode  stm32f4xx_tim.o
    0x0800341a   0x0800341a   0x00000004   Code   RO         1462    i.TIM_SetCounter    stm32f4xx_tim.o
    0x0800341e   0x0800341e   0x00000012   Code   RO         1463    i.TIM_SetIC1Prescaler  stm32f4xx_tim.o
    0x08003430   0x08003430   0x0000001a   Code   RO         1464    i.TIM_SetIC2Prescaler  stm32f4xx_tim.o
    0x0800344a   0x0800344a   0x00000002   PAD
    0x0800344c   0x0800344c   0x00000084   Code   RO         1468    i.TIM_TimeBaseInit  stm32f4xx_tim.o
    0x080034d0   0x080034d0   0x0000000e   Code   RO         4020    i.TM_GPIO_GetPortSource  tm_stm32f4_gpio.o
    0x080034de   0x080034de   0x00000002   PAD
    0x080034e0   0x080034e0   0x00000020   Code   RO         4023    i.TM_GPIO_INT_EnableClock  tm_stm32f4_gpio.o
    0x08003500   0x08003500   0x000000b0   Code   RO         4024    i.TM_GPIO_INT_Init  tm_stm32f4_gpio.o
    0x080035b0   0x080035b0   0x0000006e   Code   RO         4026    i.TM_GPIO_InitAlternate  tm_stm32f4_gpio.o
    0x0800361e   0x0800361e   0x00000002   PAD
    0x08003620   0x08003620   0x0000005c   Code   RO         4229    i.TM_PWM_INT_InitTIM10Pins  tm_stm32f4_pwm.o
    0x0800367c   0x0800367c   0x0000005c   Code   RO         4230    i.TM_PWM_INT_InitTIM11Pins  tm_stm32f4_pwm.o
    0x080036d8   0x080036d8   0x000000a8   Code   RO         4231    i.TM_PWM_INT_InitTIM12Pins  tm_stm32f4_pwm.o
    0x08003780   0x08003780   0x00000060   Code   RO         4232    i.TM_PWM_INT_InitTIM13Pins  tm_stm32f4_pwm.o
    0x080037e0   0x080037e0   0x00000060   Code   RO         4233    i.TM_PWM_INT_InitTIM14Pins  tm_stm32f4_pwm.o
    0x08003840   0x08003840   0x0000012c   Code   RO         4234    i.TM_PWM_INT_InitTIM1Pins  tm_stm32f4_pwm.o
    0x0800396c   0x0800396c   0x00000148   Code   RO         4235    i.TM_PWM_INT_InitTIM2Pins  tm_stm32f4_pwm.o
    0x08003ab4   0x08003ab4   0x00000168   Code   RO         4236    i.TM_PWM_INT_InitTIM3Pins  tm_stm32f4_pwm.o
    0x08003c1c   0x08003c1c   0x0000012c   Code   RO         4237    i.TM_PWM_INT_InitTIM4Pins  tm_stm32f4_pwm.o
    0x08003d48   0x08003d48   0x00000130   Code   RO         4238    i.TM_PWM_INT_InitTIM5Pins  tm_stm32f4_pwm.o
    0x08003e78   0x08003e78   0x00000124   Code   RO         4239    i.TM_PWM_INT_InitTIM8Pins  tm_stm32f4_pwm.o
    0x08003f9c   0x08003f9c   0x0000009c   Code   RO         4240    i.TM_PWM_INT_InitTIM9Pins  tm_stm32f4_pwm.o
    0x08004038   0x08004038   0x00000110   Code   RO         4241    i.TM_PWM_InitChannel  tm_stm32f4_pwm.o
    0x08004148   0x08004148   0x00000120   Code   RO         4242    i.TM_PWM_InitTimer  tm_stm32f4_pwm.o
    0x08004268   0x08004268   0x000000f2   Code   RO         4243    i.TM_PWM_SetChannel  tm_stm32f4_pwm.o
    0x0800435a   0x0800435a   0x0000002e   Code   RO         4244    i.TM_PWM_SetChannelMicros  tm_stm32f4_pwm.o
    0x08004388   0x08004388   0x00000048   Code   RO         4136    i.TM_SERVO_Init     tm_stm32f4_servo.o
    0x080043d0   0x080043d0   0x00000070   Code   RO         4137    i.TM_SERVO_SetDegrees  tm_stm32f4_servo.o
    0x08004440   0x08004440   0x00000160   Code   RO         4185    i.TM_TIMER_PROPERTIES_EnableClock  tm_stm32f4_timer_properties.o
    0x080045a0   0x080045a0   0x000000d4   Code   RO         4186    i.TM_TIMER_PROPERTIES_GenerateDataForWorkingFrequency  tm_stm32f4_timer_properties.o
    0x08004674   0x08004674   0x000000cc   Code   RO         4187    i.TM_TIMER_PROPERTIES_GetTimerProperties  tm_stm32f4_timer_properties.o
    0x08004740   0x08004740   0x00000064   Code   RO         2643    i.USART3_IRQHandler  main.o
    0x080047a4   0x080047a4   0x0000001e   Code   RO         1947    i.USART_ClearITPendingBit  stm32f4xx_usart.o
    0x080047c2   0x080047c2   0x00000018   Code   RO         1950    i.USART_Cmd         stm32f4xx_usart.o
    0x080047da   0x080047da   0x0000001a   Code   RO         1953    i.USART_GetFlagStatus  stm32f4xx_usart.o
    0x080047f4   0x080047f4   0x00000054   Code   RO         1954    i.USART_GetITStatus  stm32f4xx_usart.o
    0x08004848   0x08004848   0x0000004a   Code   RO         1956    i.USART_ITConfig    stm32f4xx_usart.o
    0x08004892   0x08004892   0x00000002   PAD
    0x08004894   0x08004894   0x000000d4   Code   RO         1957    i.USART_Init        stm32f4xx_usart.o
    0x08004968   0x08004968   0x00000032   Code   RO         2644    i.USART_Puts        main.o
    0x0800499a   0x0800499a   0x0000000a   Code   RO         1964    i.USART_ReceiveData  stm32f4xx_usart.o
    0x080049a4   0x080049a4   0x000000b0   Code   RO         2645    i.Usart_Cofig       main.o
    0x08004a54   0x08004a54   0x00000390   Code   RO         2646    i.XuLyTCRT5000      main.o
    0x08004de4   0x08004de4   0x00000004   PAD
    0x08004de8   0x08004de8   0x000000f8   Code   RO         4763    i.__hardfp___mathlib_tofloat  m_wm.l(narrow.o)
    0x08004ee0   0x08004ee0   0x000000d0   Code   RO         4844    i.__hardfp_ldexp    m_wm.l(ldexp.o)
    0x08004fb0   0x08004fb0   0x00000028   Code   RO         4548    i.__hardfp_strtod   m_wm.l(strtod.o)
    0x08004fd8   0x08004fd8   0x00000020   Code   RO         4877    i.__mathlib_dbl_overflow  m_wm.l(dunder.o)
    0x08004ff8   0x08004ff8   0x00000020   Code   RO         4879    i.__mathlib_dbl_underflow  m_wm.l(dunder.o)
    0x08005018   0x08005018   0x00000012   Code   RO         4764    i.__mathlib_narrow  m_wm.l(narrow.o)
    0x0800502a   0x0800502a   0x00000014   Code   RO         4846    i.__support_ldexp   m_wm.l(ldexp.o)
    0x0800503e   0x0800503e   0x0000000e   Code   RO         4464    i._is_digit         c_w.l(__printf_wp.o)
    0x0800504c   0x0800504c   0x00000048   Code   RO         2950    i.buffer_skip_whitespace  cjson.o
    0x08005094   0x08005094   0x00000058   Code   RO         2982    i.cJSON_Delete      cjson.o
    0x080050ec   0x080050ec   0x00000012   Code   RO         2995    i.cJSON_GetObjectItem  cjson.o
    0x080050fe   0x080050fe   0x00000018   Code   RO         2998    i.cJSON_HasObjectItem  cjson.o
    0x08005116   0x08005116   0x0000001a   Code   RO         3012    i.cJSON_New_Item    cjson.o
    0x08005130   0x08005130   0x00000010   Code   RO         3013    i.cJSON_Parse       cjson.o
    0x08005140   0x08005140   0x000000d4   Code   RO         3015    i.cJSON_ParseWithLengthOpts  cjson.o
    0x08005214   0x08005214   0x00000028   Code   RO         3016    i.cJSON_ParseWithOpts  cjson.o
    0x0800523c   0x0800523c   0x00000048   Code   RO         3031    i.case_insensitive_strcmp  cjson.o
    0x08005284   0x08005284   0x0000002c   Code   RO         2647    i.delay             main.o
    0x080052b0   0x080052b0   0x00000028   Code   RO         2648    i.delay_us          main.o
    0x080052d8   0x080052d8   0x0000008c   Code   RO         4806    i.frexp             m_wm.l(frexp.o)
    0x08005364   0x08005364   0x00000004   Code   RO         3037    i.get_decimal_point  cjson.o
    0x08005368   0x08005368   0x00000052   Code   RO         3038    i.get_object_item   cjson.o
    0x080053ba   0x080053ba   0x00000002   PAD
    0x080053bc   0x080053bc   0x00000490   Code   RO         2649    i.main              main.o
    0x0800584c   0x0800584c   0x000000f8   Code   RO         3040    i.parse_array       cjson.o
    0x08005944   0x08005944   0x0000005a   Code   RO         3041    i.parse_hex4        cjson.o
    0x0800599e   0x0800599e   0x00000002   PAD
    0x080059a0   0x080059a0   0x00000154   Code   RO         3042    i.parse_number      cjson.o
    0x08005af4   0x08005af4   0x0000013e   Code   RO         3043    i.parse_object      cjson.o
    0x08005c32   0x08005c32   0x0000018c   Code   RO         3044    i.parse_string      cjson.o
    0x08005dbe   0x08005dbe   0x00000002   PAD
    0x08005dc0   0x08005dc0   0x0000013c   Code   RO         3045    i.parse_value       cjson.o
    0x08005efc   0x08005efc   0x000000e8   Code   RO         2650    i.rfid_read         main.o
    0x08005fe4   0x08005fe4   0x0000003c   Code   RO         3056    i.skip_utf8_bom     cjson.o
    0x08006020   0x08006020   0x0000012c   Code   RO         3059    i.utf16_literal_to_utf8  cjson.o
    0x0800614c   0x0800614c   0x0000046c   Code   RO         2651    i.xu_ly_json        main.o
    0x080065b8   0x080065b8   0x0000002c   Code   RO         4733    locale$$code        c_w.l(lc_ctype_c.o)
    0x080065e4   0x080065e4   0x0000002c   Code   RO         4736    locale$$code        c_w.l(lc_numeric_c.o)
    0x08006610   0x08006610   0x00000062   Code   RO         4802    x$fpl$d2f           fz_wm.l(d2f.o)
    0x08006672   0x08006672   0x00000002   PAD
    0x08006674   0x08006674   0x00000150   Code   RO         4504    x$fpl$dadd          fz_wm.l(daddsub_clz.o)
    0x080067c4   0x080067c4   0x00000010   Code   RO         4907    x$fpl$dcheck1       fz_wm.l(dcheck1.o)
    0x080067d4   0x080067d4   0x00000018   Code   RO         4650    x$fpl$dcmpinf       fz_wm.l(dcmpi.o)
    0x080067ec   0x080067ec   0x000002b0   Code   RO         4511    x$fpl$ddiv          fz_wm.l(ddiv.o)
    0x08006a9c   0x08006a9c   0x00000078   Code   RO         4514    x$fpl$deqf          fz_wm.l(deqf.o)
    0x08006b14   0x08006b14   0x0000005e   Code   RO         4516    x$fpl$dfix          fz_wm.l(dfix.o)
    0x08006b72   0x08006b72   0x00000002   PAD
    0x08006b74   0x08006b74   0x0000005a   Code   RO         4520    x$fpl$dfixu         fz_wm.l(dfixu.o)
    0x08006bce   0x08006bce   0x0000002e   Code   RO         4525    x$fpl$dflt          fz_wm.l(dflt_clz.o)
    0x08006bfc   0x08006bfc   0x00000026   Code   RO         4524    x$fpl$dfltu         fz_wm.l(dflt_clz.o)
    0x08006c22   0x08006c22   0x00000002   PAD
    0x08006c24   0x08006c24   0x00000078   Code   RO         4530    x$fpl$dleqf         fz_wm.l(dleqf.o)
    0x08006c9c   0x08006c9c   0x00000154   Code   RO         4532    x$fpl$dmul          fz_wm.l(dmul.o)
    0x08006df0   0x08006df0   0x0000009c   Code   RO         4652    x$fpl$dnaninf       fz_wm.l(dnaninf.o)
    0x08006e8c   0x08006e8c   0x0000000c   Code   RO         4654    x$fpl$dretinf       fz_wm.l(dretinf.o)
    0x08006e98   0x08006e98   0x0000006c   Code   RO         4534    x$fpl$drleqf        fz_wm.l(drleqf.o)
    0x08006f04   0x08006f04   0x000001d4   Code   RO         4506    x$fpl$dsub          fz_wm.l(daddsub_clz.o)
    0x080070d8   0x080070d8   0x0000000a   Code   RO         4751    x$fpl$fpinit        fz_wm.l(fpinit.o)
    0x080070e2   0x080070e2   0x0000000a   Code   RO         4842    x$fpl$fretinf       fz_wm.l(fretinf.o)
    0x080070ec   0x080070ec   0x00000006   Code   RO         4753    x$fpl$ieeestatus    fz_wm.l(istatus.o)
    0x080070f2   0x080070f2   0x00000064   Code   RO         4909    x$fpl$retnan        fz_wm.l(retnan.o)
    0x08007156   0x08007156   0x0000005c   Code   RO         4871    x$fpl$scalbn        fz_wm.l(scalbn.o)
    0x080071b2   0x080071b2   0x00000004   Code   RO         4540    x$fpl$scanf1        fz_wm.l(scanf1.o)
    0x080071b6   0x080071b6   0x00000008   Code   RO         4755    x$fpl$scanf2        fz_wm.l(scanf2.o)
    0x080071be   0x080071be   0x00000030   Code   RO         4911    x$fpl$trapveneer    fz_wm.l(trapv.o)
    0x080071ee   0x080071ee   0x00000000   Code   RO         4658    x$fpl$usenofp       fz_wm.l(usenofp.o)
    0x080071ee   0x080071ee   0x00000028   Data   RO         4437    .constdata          c_w.l(_printf_hex_int.o)
    0x08007216   0x08007216   0x00000011   Data   RO         4472    .constdata          c_w.l(__printf_flags_ss_wp.o)
    0x08007227   0x08007227   0x00000001   PAD
    0x08007228   0x08007228   0x00000094   Data   RO         4708    .constdata          c_w.l(bigflt0.o)
    0x080072bc   0x080072bc   0x00000020   Data   RO         4913    Region$$Table       anon$$obj.o
    0x080072dc   0x080072dc   0x00000008   Data   RO         4747    c$$dinf             fz_wm.l(fpconst.o)
    0x080072e4   0x080072e4   0x00000008   Data   RO         4750    c$$dmax             fz_wm.l(fpconst.o)
    0x080072ec   0x080072ec   0x00000110   Data   RO         4732    locale$$data        c_w.l(lc_ctype_c.o)
    0x080073fc   0x080073fc   0x0000001c   Data   RO         4735    locale$$data        c_w.l(lc_numeric_c.o)


    Execution Region ER_RW (Exec base: 0x20000000, Load base: 0x08007418, Size: 0x000000e8, Max: 0xffffffff, ABSOLUTE)

    Exec Addr    Load Addr    Size         Type   Attr      Idx    E Section Name        Object

    0x20000000   0x08007418   0x00000010   Data   RW          927    .data               stm32f4xx_rcc.o
    0x20000010   0x08007428   0x000000c4   Data   RW         2653    .data               main.o
    0x200000d4   0x080074ec   0x00000014   Data   RW         3061    .data               cjson.o


    Execution Region ER_ZI (Exec base: 0x200000e8, Load base: 0x08007500, Size: 0x000009a0, Max: 0xffffffff, ABSOLUTE)

    Exec Addr    Load Addr    Size         Type   Attr      Idx    E Section Name        Object

    0x200000e8        -       0x00000324   Zero   RW         2652    .bss                main.o
    0x2000040c        -       0x00000016   Zero   RW         4033    .bss                tm_stm32f4_gpio.o
    0x20000422   0x08007500   0x00000002   PAD
    0x20000424        -       0x00000060   Zero   RW         4662    .bss                c_w.l(libspace.o)
    0x20000484   0x08007500   0x00000004   PAD
    0x20000488        -       0x00000200   Zero   RW          637    HEAP                startup_stm32f40xx.o
    0x20000688        -       0x00000400   Zero   RW          636    STACK               startup_stm32f40xx.o


==============================================================================

Image component sizes


      Code (inc. data)   RO Data    RW Data    ZI Data      Debug   Object Name

      2722         76          0         20          0      18599   cjson.o
      4762        496          0        196        804      45640   main.o
      1312         36          0          0          0       9384   mfrc522.o
         0          0          0          0          0     298148   misc.o
        64         26        392          0       1536        944   startup_stm32f40xx.o
        48         12          0          0          0       1213   stm32f4xx_flash.o
       224          0          0          0          0       3227   stm32f4xx_gpio.o
       788        114          0         16          0      13417   stm32f4xx_rcc.o
       260         24          0          0          0       2654   stm32f4xx_spi.o
      1654        120          0          0          0      18846   stm32f4xx_tim.o
       460          8          0          0          0       6110   stm32f4xx_usart.o
       340         32          0          0          0       1569   system_stm32f4xx.o
       332         10          0          0         22       5637   tm_stm32f4_gpio.o
      3432        192          0          0          0      14427   tm_stm32f4_pwm.o
       184         22          0          0          0       4882   tm_stm32f4_servo.o
       768        122          0          0          0       3985   tm_stm32f4_timer_properties.o

    ----------------------------------------------------------------------
     17380       1294        424        232       2364     448682   Object Totals
         0          0         32          0          0          0   (incl. Generated)
        30          4          0          0          2          0   (incl. Padding)

    ----------------------------------------------------------------------

      Code (inc. data)   RO Data    RW Data    ZI Data      Debug   Library Member Name

        44          6          0          0          0         84   __2sprintf.o
         8          0          0          0          0         68   __main.o
       392          4         17          0          0         92   __printf_flags_ss_wp.o
        14          0          0          0          0         68   __printf_wp.o
         0          0          0          0          0          0   __rtentry.o
        12          0          0          0          0          0   __rtentry2.o
         6          0          0          0          0          0   __rtentry4.o
        52          8          0          0          0          0   __scatter.o
        26          0          0          0          0          0   __scatter_copy.o
        28          0          0          0          0          0   __scatter_zi.o
        28          0          0          0          0         68   _chval.o
        44          0          0          0          0        108   _printf_char.o
        48          6          0          0          0         96   _printf_char_common.o
        88          4         40          0          0         88   _printf_hex_int.o
       178          0          0          0          0         88   _printf_intcommon.o
        78          0          0          0          0        108   _printf_pad.o
         0          0          0          0          0          0   _printf_percent.o
         4          0          0          0          0          0   _printf_percent_end.o
         6          0          0          0          0          0   _printf_s.o
        82          0          0          0          0         80   _printf_str.o
         6          0          0          0          0          0   _printf_x.o
        22          0          0          0          0        100   _rserrno.o
        64          0          0          0          0         84   _sgetc.o
        10          0          0          0          0         68   _sputc.o
       228          4        148          0          0         96   bigflt0.o
      1924        136          0          0          0        756   btod.o
        10          0          0          0          0         68   defsig_exit.o
        50          0          0          0          0         88   defsig_general.o
        80         58          0          0          0         76   defsig_rtmem_inner.o
        14          0          0          0          0         80   defsig_rtmem_outer.o
        18          0          0          0          0         80   exit.o
        94          0          0          0          0         80   h1_alloc.o
        52          0          0          0          0         68   h1_extend.o
        78          0          0          0          0         80   h1_free.o
        14          0          0          0          0         84   h1_init.o
       184          0          0          0          0         92   h1_realloc.o
         6          0          0          0          0        152   heapauxi.o
         4          0          0          0          0        136   hguard.o
         0          0          0          0          0          0   indicate_semi.o
       138          0          0          0          0        168   init_alloc.o
        18          0          0          0          0         76   isspace.o
        44         10        272          0          0         76   lc_ctype_c.o
        44         10         28          0          0         76   lc_numeric_c.o
         2          0          0          0          0          0   libinit.o
        42          0          0          0          0          0   libinit2.o
         2          0          0          0          0          0   libshutdown.o
         2          0          0          0          0          0   libshutdown2.o
         8          4          0          0         96         68   libspace.o
        38          0          0          0          0         68   llshl.o
         0          0          0          0          0          0   maybetermalloc1.o
        16          4          0          0          0         76   rt_ctype_table.o
         8          4          0          0          0         68   rt_errno_addr_intlibspace.o
         8          4          0          0          0         68   rt_heap_descriptor_intlibspace.o
         8          4          0          0          0         68   rt_locale_intlibspace.o
        78          0          0          0          0         80   rt_memclr_w.o
       100          0          0          0          0         80   rt_memcpy_w.o
         2          0          0          0          0          0   rtexit.o
        10          0          0          0          0          0   rtexit2.o
      1272         16          0          0          0        168   scanf_fp.o
       800         14          0          0          0        100   scanf_hexfp.o
       308         16          0          0          0        100   scanf_infnan.o
        24          0          0          0          0         68   strcat.o
       128          0          0          0          0         68   strcmpv7m.o
        62          0          0          0          0         76   strlen.o
       150          0          0          0          0         80   strncmp.o
       164         14          0          0          0        120   strtod.o
        12          4          0          0          0         68   sys_exit.o
        74          0          0          0          0         80   sys_stackheap_outer.o
        14          0          0          0          0         76   sys_wrch.o
        26          0          0          0          0         76   tolower.o
         2          0          0          0          0         68   use_no_semi.o
        98          4          0          0          0        140   d2f.o
       804         16          0          0          0        368   daddsub_clz.o
        16          4          0          0          0        116   dcheck1.o
        24          0          0          0          0        116   dcmpi.o
       688        140          0          0          0        256   ddiv.o
       120          4          0          0          0        140   deqf.o
        94          4          0          0          0        140   dfix.o
        90          4          0          0          0        140   dfixu.o
        84          0          0          0          0        232   dflt_clz.o
       120          4          0          0          0        140   dleqf.o
       340         12          0          0          0        152   dmul.o
       156          4          0          0          0        140   dnaninf.o
        12          0          0          0          0        116   dretinf.o
       108          0          0          0          0        128   drleqf.o
         0          0         16          0          0          0   fpconst.o
        10          0          0          0          0        116   fpinit.o
        10          0          0          0          0        116   fretinf.o
         6          0          0          0          0        116   istatus.o
       100          0          0          0          0        116   retnan.o
        92          0          0          0          0        116   scalbn.o
         4          0          0          0          0        116   scanf1.o
         8          0          0          0          0        132   scanf2.o
        48          0          0          0          0        116   trapv.o
         0          0          0          0          0          0   usenofp.o
        64         16          0          0          0        248   dunder.o
       140         22          0          0          0        132   frexp.o
       228          8          0          0          0        308   ldexp.o
       266         16          0          0          0        308   narrow.o
        40         10          0          0          0        128   strtod.o

    ----------------------------------------------------------------------
     11394        600        522          0        100       9648   Library Totals
        24          2          1          0          4          0   (incl. Padding)

    ----------------------------------------------------------------------

      Code (inc. data)   RO Data    RW Data    ZI Data      Debug   Library Name

      7600        330        505          0         96       5256   c_w.l
      3032        196         16          0          0       3268   fz_wm.l
       738         72          0          0          0       1124   m_wm.l

    ----------------------------------------------------------------------
     11394        600        522          0        100       9648   Library Totals

    ----------------------------------------------------------------------

==============================================================================


      Code (inc. data)   RO Data    RW Data    ZI Data      Debug   

     28774       1894        946        232       2464     439266   Grand Totals
     28774       1894        946        232       2464     439266   ELF Image Totals
     28774       1894        946        232          0          0   ROM Totals

==============================================================================

    Total RO  Size (Code + RO Data)                29720 (  29.02kB)
    Total RW  Size (RW Data + ZI Data)              2696 (   2.63kB)
    Total ROM Size (Code + RO Data + RW Data)      29952 (  29.25kB)

==============================================================================

